Archive member included to satisfy reference by file (symbol)

C:/ST/STM32CubeIDE_1.19.0/STM32CubeIDE/plugins/com.st.stm32cube.ide.mcu.externaltools.gnu-tools-for-stm32.13.3.rel1.win32_1.0.0.202411081344/tools/bin/../lib/gcc/arm-none-eabi/13.3.1/../../../../arm-none-eabi/lib/thumb/v7e-m+fp/hard\libc_nano.a(libc_a-exit.o)
                              C:/ST/STM32CubeIDE_1.19.0/STM32CubeIDE/plugins/com.st.stm32cube.ide.mcu.externaltools.gnu-tools-for-stm32.13.3.rel1.win32_1.0.0.202411081344/tools/bin/../lib/gcc/arm-none-eabi/13.3.1/../../../../arm-none-eabi/lib/thumb/v7e-m+fp/hard/crt0.o (exit)
C:/ST/STM32CubeIDE_1.19.0/STM32CubeIDE/plugins/com.st.stm32cube.ide.mcu.externaltools.gnu-tools-for-stm32.13.3.rel1.win32_1.0.0.202411081344/tools/bin/../lib/gcc/arm-none-eabi/13.3.1/../../../../arm-none-eabi/lib/thumb/v7e-m+fp/hard\libc_nano.a(libc_a-findfp.o)
                              C:/ST/STM32CubeIDE_1.19.0/STM32CubeIDE/plugins/com.st.stm32cube.ide.mcu.externaltools.gnu-tools-for-stm32.13.3.rel1.win32_1.0.0.202411081344/tools/bin/../lib/gcc/arm-none-eabi/13.3.1/../../../../arm-none-eabi/lib/thumb/v7e-m+fp/hard\libc_nano.a(libc_a-exit.o) (__stdio_exit_handler)
C:/ST/STM32CubeIDE_1.19.0/STM32CubeIDE/plugins/com.st.stm32cube.ide.mcu.externaltools.gnu-tools-for-stm32.13.3.rel1.win32_1.0.0.202411081344/tools/bin/../lib/gcc/arm-none-eabi/13.3.1/../../../../arm-none-eabi/lib/thumb/v7e-m+fp/hard\libc_nano.a(libc_a-fwalk.o)
                              C:/ST/STM32CubeIDE_1.19.0/STM32CubeIDE/plugins/com.st.stm32cube.ide.mcu.externaltools.gnu-tools-for-stm32.13.3.rel1.win32_1.0.0.202411081344/tools/bin/../lib/gcc/arm-none-eabi/13.3.1/../../../../arm-none-eabi/lib/thumb/v7e-m+fp/hard\libc_nano.a(libc_a-findfp.o) (_fwalk_sglue)
C:/ST/STM32CubeIDE_1.19.0/STM32CubeIDE/plugins/com.st.stm32cube.ide.mcu.externaltools.gnu-tools-for-stm32.13.3.rel1.win32_1.0.0.202411081344/tools/bin/../lib/gcc/arm-none-eabi/13.3.1/../../../../arm-none-eabi/lib/thumb/v7e-m+fp/hard\libc_nano.a(libc_a-printf.o)
                              ./Core/Src/main.o (printf)
C:/ST/STM32CubeIDE_1.19.0/STM32CubeIDE/plugins/com.st.stm32cube.ide.mcu.externaltools.gnu-tools-for-stm32.13.3.rel1.win32_1.0.0.202411081344/tools/bin/../lib/gcc/arm-none-eabi/13.3.1/../../../../arm-none-eabi/lib/thumb/v7e-m+fp/hard\libc_nano.a(libc_a-stdio.o)
                              C:/ST/STM32CubeIDE_1.19.0/STM32CubeIDE/plugins/com.st.stm32cube.ide.mcu.externaltools.gnu-tools-for-stm32.13.3.rel1.win32_1.0.0.202411081344/tools/bin/../lib/gcc/arm-none-eabi/13.3.1/../../../../arm-none-eabi/lib/thumb/v7e-m+fp/hard\libc_nano.a(libc_a-findfp.o) (__sread)
C:/ST/STM32CubeIDE_1.19.0/STM32CubeIDE/plugins/com.st.stm32cube.ide.mcu.externaltools.gnu-tools-for-stm32.13.3.rel1.win32_1.0.0.202411081344/tools/bin/../lib/gcc/arm-none-eabi/13.3.1/../../../../arm-none-eabi/lib/thumb/v7e-m+fp/hard\libc_nano.a(libc_a-memset.o)
                              C:/ST/STM32CubeIDE_1.19.0/STM32CubeIDE/plugins/com.st.stm32cube.ide.mcu.externaltools.gnu-tools-for-stm32.13.3.rel1.win32_1.0.0.202411081344/tools/bin/../lib/gcc/arm-none-eabi/13.3.1/../../../../arm-none-eabi/lib/thumb/v7e-m+fp/hard/crt0.o (memset)
C:/ST/STM32CubeIDE_1.19.0/STM32CubeIDE/plugins/com.st.stm32cube.ide.mcu.externaltools.gnu-tools-for-stm32.13.3.rel1.win32_1.0.0.202411081344/tools/bin/../lib/gcc/arm-none-eabi/13.3.1/../../../../arm-none-eabi/lib/thumb/v7e-m+fp/hard\libc_nano.a(libc_a-closer.o)
                              C:/ST/STM32CubeIDE_1.19.0/STM32CubeIDE/plugins/com.st.stm32cube.ide.mcu.externaltools.gnu-tools-for-stm32.13.3.rel1.win32_1.0.0.202411081344/tools/bin/../lib/gcc/arm-none-eabi/13.3.1/../../../../arm-none-eabi/lib/thumb/v7e-m+fp/hard\libc_nano.a(libc_a-stdio.o) (_close_r)
C:/ST/STM32CubeIDE_1.19.0/STM32CubeIDE/plugins/com.st.stm32cube.ide.mcu.externaltools.gnu-tools-for-stm32.13.3.rel1.win32_1.0.0.202411081344/tools/bin/../lib/gcc/arm-none-eabi/13.3.1/../../../../arm-none-eabi/lib/thumb/v7e-m+fp/hard\libc_nano.a(libc_a-reent.o)
                              C:/ST/STM32CubeIDE_1.19.0/STM32CubeIDE/plugins/com.st.stm32cube.ide.mcu.externaltools.gnu-tools-for-stm32.13.3.rel1.win32_1.0.0.202411081344/tools/bin/../lib/gcc/arm-none-eabi/13.3.1/../../../../arm-none-eabi/lib/thumb/v7e-m+fp/hard\libc_nano.a(libc_a-closer.o) (errno)
C:/ST/STM32CubeIDE_1.19.0/STM32CubeIDE/plugins/com.st.stm32cube.ide.mcu.externaltools.gnu-tools-for-stm32.13.3.rel1.win32_1.0.0.202411081344/tools/bin/../lib/gcc/arm-none-eabi/13.3.1/../../../../arm-none-eabi/lib/thumb/v7e-m+fp/hard\libc_nano.a(libc_a-impure.o)
                              C:/ST/STM32CubeIDE_1.19.0/STM32CubeIDE/plugins/com.st.stm32cube.ide.mcu.externaltools.gnu-tools-for-stm32.13.3.rel1.win32_1.0.0.202411081344/tools/bin/../lib/gcc/arm-none-eabi/13.3.1/../../../../arm-none-eabi/lib/thumb/v7e-m+fp/hard\libc_nano.a(libc_a-printf.o) (_impure_ptr)
[...]
Memory Configuration

Name             Origin             Length             Attributes
RAM              0x20000000         0x00018000         xrw
FLASH            0x08000000         0x00080000         xr
*default*        0x00000000         0xffffffff

Linker script and memory map

LOAD C:/ST/STM32CubeIDE_1.19.0/STM32CubeIDE/plugins/com.st.stm32cube.ide.mcu.externaltools.gnu-tools-for-stm32.13.3.rel1.win32_1.0.0.202411081344/tools/bin/../lib/gcc/arm-none-eabi/13.3.1/thumb/v7e-m+fp/hard/crti.o
LOAD C:/ST/STM32CubeIDE_1.19.0/STM32CubeIDE/plugins/com.st.stm32cube.ide.mcu.externaltools.gnu-tools-for-stm32.13.3.rel1.win32_1.0.0.202411081344/tools/bin/../lib/gcc/arm-none-eabi/13.3.1/thumb/v7e-m+fp/hard/crtbegin.o
LOAD C:/ST/STM32CubeIDE_1.19.0/STM32CubeIDE/plugins/com.st.stm32cube.ide.mcu.externaltools.gnu-tools-for-stm32.13.3.rel1.win32_1.0.0.202411081344/tools/bin/../lib/gcc/arm-none-eabi/13.3.1/../../../../arm-none-eabi/lib/thumb/v7e-m+fp/hard/crt0.o
LOAD ./Core/Src/main.o
LOAD ./Core/Src/stm32f4xx_hal_msp.o
LOAD ./Core/Src/stm32f4xx_hal_timebase_tim.o
LOAD ./Core/Src/stm32f4xx_it.o
LOAD ./Core/Src/syscalls.o
LOAD ./Core/Src/sysmem.o
LOAD ./Core/Src/system_stm32f4xx.o
LOAD ./Core/Startup/startup_stm32f401retx.o
LOAD ./Drivers/STM32F4xx_HAL_Driver/Src/stm32f4xx_hal.o
LOAD ./Drivers/STM32F4xx_HAL_Driver/Src/stm32f4xx_hal_cortex.o
LOAD ./Drivers/STM32F4xx_HAL_Driver/Src/stm32f4xx_hal_dma.o
LOAD ./Drivers/STM32F4xx_HAL_Driver/Src/stm32f4xx_hal_dma_ex.o
LOAD ./Drivers/STM32F4xx_HAL_Driver/Src/stm32f4xx_hal_exti.o
LOAD ./Drivers/STM32F4xx_HAL_Driver/Src/stm32f4xx_hal_flash.o
LOAD ./Drivers/STM32F4xx_HAL_Driver/Src/stm32f4xx_hal_flash_ex.o
LOAD ./Drivers/STM32F4xx_HAL_Driver/Src/stm32f4xx_hal_flash_ramfunc.o
LOAD ./Drivers/STM32F4xx_HAL_Driver/Src/stm32f4xx_hal_gpio.o
LOAD ./Drivers/STM32F4xx_HAL_Driver/Src/stm32f4xx_hal_pwr.o
LOAD ./Drivers/STM32F4xx_HAL_Driver/Src/stm32f4xx_hal_pwr_ex.o
LOAD ./Drivers/STM32F4xx_HAL_Driver/Src/stm32f4xx_hal_rcc.o
LOAD ./Drivers/STM32F4xx_HAL_Driver/Src/stm32f4xx_hal_rcc_ex.o
LOAD ./Drivers/STM32F4xx_HAL_Driver/Src/stm32f4xx_hal_tim.o
LOAD ./Drivers/STM32F4xx_HAL_Driver/Src/stm32f4xx_hal_tim_ex.o
LOAD ./Drivers/STM32F4xx_HAL_Driver/Src/stm32f4xx_hal_uart.o
LOAD ./Thirdparty/FreeRTOS/croutine.o
LOAD ./Thirdparty/FreeRTOS/event_groups.o
LOAD ./Thirdparty/FreeRTOS/list.o
LOAD ./Thirdparty/FreeRTOS/queue.o
LOAD ./Thirdparty/FreeRTOS/stream_buffer.o
LOAD ./Thirdparty/FreeRTOS/tasks.o
LOAD ./Thirdparty/FreeRTOS/timers.o
LOAD ./Thirdparty/FreeRTOS/portable/GCC/ARM_CM4F/port.o
LOAD ./Thirdparty/FreeRTOS/portable/MemMang/heap_4.o
START GROUP
LOAD C:/ST/STM32CubeIDE_1.19.0/STM32CubeIDE/plugins/com.st.stm32cube.ide.mcu.externaltools.gnu-tools-for-stm32.13.3.rel1.win32_1.0.0.202411081344/tools/bin/../lib/gcc/arm-none-eabi/13.3.1/../../../../arm-none-eabi/lib/thumb/v7e-m+fp/hard\libc_nano.a
LOAD C:/ST/STM32CubeIDE_1.19.0/STM32CubeIDE/plugins/com.st.stm32cube.ide.mcu.externaltools.gnu-tools-for-stm32.13.3.rel1.win32_1.0.0.202411081344/tools/bin/../lib/gcc/arm-none-eabi/13.3.1/../../../../arm-none-eabi/lib/thumb/v7e-m+fp/hard\libm.a
END GROUP
START GROUP
LOAD C:/ST/STM32CubeIDE_1.19.0/STM32CubeIDE/plugins/com.st.stm32cube.ide.mcu.externaltools.gnu-tools-for-stm32.13.3.rel1.win32_1.0.0.202411081344/tools/bin/../lib/gcc/arm-none-eabi/13.3.1/thumb/v7e-m+fp/hard\libgcc.a
LOAD C:/ST/STM32CubeIDE_1.19.0/STM32CubeIDE/plugins/com.st.stm32cube.ide.mcu.externaltools.gnu-tools-for-stm32.13.3.rel1.win32_1.0.0.202411081344/tools/bin/../lib/gcc/arm-none-eabi/13.3.1/../../../../arm-none-eabi/lib/thumb/v7e-m+fp/hard\libc_nano.a
END GROUP
START GROUP
LOAD C:/ST/STM32CubeIDE_1.19.0/STM32CubeIDE/plugins/com.st.stm32cube.ide.mcu.externaltools.gnu-tools-for-stm32.13.3.rel1.win32_1.0.0.202411081344/tools/bin/../lib/gcc/arm-none-eabi/13.3.1/thumb/v7e-m+fp/hard\libgcc.a
LOAD C:/ST/STM32CubeIDE_1.19.0/STM32CubeIDE/plugins/com.st.stm32cube.ide.mcu.externaltools.gnu-tools-for-stm32.13.3.rel1.win32_1.0.0.202411081344/tools/bin/../lib/gcc/arm-none-eabi/13.3.1/../../../../arm-none-eabi/lib/thumb/v7e-m+fp/hard\libc_nano.a
LOAD C:/ST/STM32CubeIDE_1.19.0/STM32CubeIDE/plugins/com.st.stm32cube.ide.mcu.externaltools.gnu-tools-for-stm32.13.3.rel1.win32_1.0.0.202411081344/tools/bin/../lib/gcc/arm-none-eabi/13.3.1/../../../../arm-none-eabi/lib/thumb/v7e-m+fp/hard\libnosys.a
END GROUP
START GROUP
LOAD C:/ST/STM32CubeIDE_1.19.0/STM32CubeIDE/plugins/com.st.stm32cube.ide.mcu.externaltools.gnu-tools-for-stm32.13.3.rel1.win32_1.0.0.202411081344/tools/bin/../lib/gcc/arm-none-eabi/13.3.1/thumb/v7e-m+fp/hard\libgcc.a
LOAD C:/ST/STM32CubeIDE_1.19.0/STM32CubeIDE/plugins/com.st.stm32cube.ide.mcu.externaltools.gnu-tools-for-stm32.13.3.rel1.win32_1.0.0.202411081344/tools/bin/../lib/gcc/arm-none-eabi/13.3.1/../../../../arm-none-eabi/lib/thumb/v7e-m+fp/hard\libc_nano.a
LOAD C:/ST/STM32CubeIDE_1.19.0/STM32CubeIDE/plugins/com.st.stm32cube.ide.mcu.externaltools.gnu-tools-for-stm32.13.3.rel1.win32_1.0.0.202411081344/tools/bin/../lib/gcc/arm-none-eabi/13.3.1/../../../../arm-none-eabi/lib/thumb/v7e-m+fp/hard\libnosys.a
END GROUP
LOAD C:/ST/STM32CubeIDE_1.19.0/STM32CubeIDE/plugins/com.st.stm32cube.ide.mcu.externaltools.gnu-tools-for-stm32.13.3.rel1.win32_1.0.0.202411081344/tools/bin/../lib/gcc/arm-none-eabi/13.3.1/thumb/v7e-m+fp/hard/crtend.o
LOAD C:/ST/STM32CubeIDE_1.19.0/STM32CubeIDE/plugins/com.st.stm32cube.ide.mcu.externaltools.gnu-tools-for-stm32.13.3.rel1.win32_1.0.0.202411081344/tools/bin/../lib/gcc/arm-none-eabi/13.3.1/thumb/v7e-m+fp/hard/crtn.o
                0x20018000                        _estack = (ORIGIN (RAM) + LENGTH (RAM))
                0x00000200                        _Min_Heap_Size = 0x200
                0x00000400                        _Min_Stack_Size = 0x400

.isr_vector     0x08000000      0x194
                0x08000000                        . = ALIGN (0x4)
 *(.isr_vector)
 .isr_vector    0x08000000      0x194 ./Core/Startup/startup_stm32f401retx.o
                0x08000000                g_pfnVectors
                0x08000194                        . = ALIGN (0x4)

.text           0x080001a0     0x5aa4
                0x080001a0                        . = ALIGN (0x4)
 *(.text)
 .text          0x080001a0       0x40 C:/ST/STM32CubeIDE_1.19.0/STM32CubeIDE/plugins/com.st.stm32cube.ide.mcu.externaltools.gnu-tools-for-stm32.13.3.rel1.win32_1.0.0.202411081344/tools/bin/../lib/gcc/arm-none-eabi/13.3.1/thumb/v7e-m+fp/hard/crtbegin.o
 .text          0x080001e0       0xa0 C:/ST/STM32CubeIDE_1.19.0/STM32CubeIDE/plugins/com.st.stm32cube.ide.mcu.externaltools.gnu-tools-for-stm32.13.3.rel1.win32_1.0.0.202411081344/tools/bin/../lib/gcc/arm-none-eabi/13.3.1/../../../../arm-none-eabi/lib/thumb/v7e-m+fp/hard\libc_nano.a(libc_a-memchr.o)
                0x080001e0                memchr
 .text          0x08000280       0x30 C:/ST/STM32CubeIDE_1.19.0/STM32CubeIDE/plugins/com.st.stm32cube.ide.mcu.externaltools.gnu-tools-for-stm32.13.3.rel1.win32_1.0.0.202411081344/tools/bin/../lib/gcc/arm-none-eabi/13.3.1/thumb/v7e-m+fp/hard\libgcc.a(_aeabi_uldivmod.o)
                0x08000280                __aeabi_uldivmod
 .text          0x080002b0      0x2f8 C:/ST/STM32CubeIDE_1.19.0/STM32CubeIDE/plugins/com.st.stm32cube.ide.mcu.externaltools.gnu-tools-for-stm32.13.3.rel1.win32_1.0.0.202411081344/tools/bin/../lib/gcc/arm-none-eabi/13.3.1/thumb/v7e-m+fp/hard\libgcc.a(_udivmoddi4.o)
                0x080002b0                __udivmoddi4
 .text          0x080005a8        0x4 C:/ST/STM32CubeIDE_1.19.0/STM32CubeIDE/plugins/com.st.stm32cube.ide.mcu.externaltools.gnu-tools-for-stm32.13.3.rel1.win32_1.0.0.202411081344/tools/bin/../lib/gcc/arm-none-eabi/13.3.1/thumb/v7e-m+fp/hard\libgcc.a(_dvmd_tls.o)
                0x080005a8                __aeabi_idiv0
                0x080005a8                __aeabi_ldiv0
 *(.text*)
 .text.main     0x080005ac       0xe4 ./Core/Src/main.o
                0x080005ac                main
 .text.SystemClock_Config
                0x08000690       0xd8 ./Core/Src/main.o
                0x08000690                SystemClock_Config
 .text.MX_USART2_UART_Init
                0x08000768       0x54 ./Core/Src/main.o
 .text.MX_GPIO_Init
                0x080007bc       0xdc ./Core/Src/main.o
 .text.green_led_handler
                0x08000898       0x40 ./Core/Src/main.o
 .text.blue_led_handler
                0x080008d8       0x40 ./Core/Src/main.o
 .text.red_led_handler
                0x08000918       0x40 ./Core/Src/main.o
 .text.HAL_TIM_PeriodElapsedCallback
                0x08000958       0x24 ./Core/Src/main.o
                0x08000958                HAL_TIM_PeriodElapsedCallback
 .text.Error_Handler
                0x0800097c        0xc ./Core/Src/main.o
                0x0800097c                Error_Handler
 .text.HAL_MspInit
                0x08000988       0x50 ./Core/Src/stm32f4xx_hal_msp.o
                0x08000988                HAL_MspInit
 .text.HAL_UART_MspInit
                0x080009d8       0x90 ./Core/Src/stm32f4xx_hal_msp.o
                0x080009d8                HAL_UART_MspInit
 .text.HAL_InitTick
                0x08000a68       0xf8 ./Core/Src/stm32f4xx_hal_timebase_tim.o
                0x08000a68                HAL_InitTick
 .text.NMI_Handler
                0x08000b60        0x8 ./Core/Src/stm32f4xx_it.o
                0x08000b60                NMI_Handler
 .text.HardFault_Handler
                0x08000b68        0x8 ./Core/Src/stm32f4xx_it.o
                0x08000b68                HardFault_Handler
 .text.MemManage_Handler
                0x08000b70        0x8 ./Core/Src/stm32f4xx_it.o
                0x08000b70                MemManage_Handler
 .text.BusFault_Handler
                0x08000b78        0x8 ./Core/Src/stm32f4xx_it.o
                0x08000b78                BusFault_Handler
 .text.UsageFault_Handler
                0x08000b80        0x8 ./Core/Src/stm32f4xx_it.o
                0x08000b80                UsageFault_Handler
 .text.DebugMon_Handler
                0x08000b88        0xe ./Core/Src/stm32f4xx_it.o
                0x08000b88                DebugMon_Handler
 *fill*         0x08000b96        0x2 
 .text.TIM4_IRQHandler
                0x08000b98       0x14 ./Core/Src/stm32f4xx_it.o
                0x08000b98                TIM4_IRQHandler
 .text.ITM_SendChar
                0x08000bac       0x50 ./Core/Src/syscalls.o
                0x08000bac                ITM_SendChar
 .text._read    0x08000bfc       0x3a ./Core/Src/syscalls.o
                0x08000bfc                _read
 .text._write   0x08000c36       0x38 ./Core/Src/syscalls.o
                0x08000c36                _write
 .text._close   0x08000c6e       0x18 ./Core/Src/syscalls.o
                0x08000c6e                _close
 .text._fstat   0x08000c86       0x20 ./Core/Src/syscalls.o
                0x08000c86                _fstat
 .text._isatty  0x08000ca6       0x16 ./Core/Src/syscalls.o
                0x08000ca6                _isatty
 .text._lseek   0x08000cbc       0x1a ./Core/Src/syscalls.o
                0x08000cbc                _lseek
 *fill*         0x08000cd6        0x2 
 .text._sbrk    0x08000cd8       0x6c ./Core/Src/sysmem.o
                0x08000cd8                _sbrk
 .text.SystemInit
                0x08000d44       0x24 ./Core/Src/system_stm32f4xx.o
                0x08000d44                SystemInit
 .text.Reset_Handler
                0x08000d68       0x50 ./Core/Startup/startup_stm32f401retx.o
                0x08000d68                Reset_Handler
 .text.Default_Handler
                0x08000db8        0x2 ./Core/Startup/startup_stm32f401retx.o
                0x08000db8                RTC_Alarm_IRQHandler
                0x08000db8                EXTI2_IRQHandler
                0x08000db8                SPI4_IRQHandler
                0x08000db8                TIM1_CC_IRQHandler
                0x08000db8                DMA2_Stream5_IRQHandler
                0x08000db8                DMA1_Stream5_IRQHandler
                0x08000db8                PVD_IRQHandler
                0x08000db8                SDIO_IRQHandler
                0x08000db8                TAMP_STAMP_IRQHandler
                0x08000db8                EXTI3_IRQHandler
                0x08000db8                TIM1_UP_TIM10_IRQHandler
                0x08000db8                I2C3_ER_IRQHandler
                0x08000db8                EXTI0_IRQHandler
                0x08000db8                I2C2_EV_IRQHandler
                0x08000db8                DMA1_Stream2_IRQHandler
                0x08000db8                FPU_IRQHandler
                0x08000db8                DMA2_Stream2_IRQHandler
                0x08000db8                SPI1_IRQHandler
                0x08000db8                TIM1_BRK_TIM9_IRQHandler
                0x08000db8                DMA2_Stream3_IRQHandler
                0x08000db8                USART6_IRQHandler
                0x08000db8                DMA2_Stream0_IRQHandler
                0x08000db8                I2C1_EV_IRQHandler
                0x08000db8                DMA1_Stream6_IRQHandler
                0x08000db8                DMA1_Stream1_IRQHandler
                0x08000db8                TIM3_IRQHandler
                0x08000db8                RCC_IRQHandler
                0x08000db8                Default_Handler
                0x08000db8                EXTI15_10_IRQHandler
                0x08000db8                ADC_IRQHandler
                0x08000db8                DMA1_Stream7_IRQHandler
                0x08000db8                TIM5_IRQHandler
                0x08000db8                DMA2_Stream7_IRQHandler
                0x08000db8                I2C3_EV_IRQHandler
                0x08000db8                EXTI9_5_IRQHandler
                0x08000db8                RTC_WKUP_IRQHandler
                0x08000db8                SPI2_IRQHandler
                0x08000db8                DMA1_Stream0_IRQHandler
                0x08000db8                EXTI4_IRQHandler
                0x08000db8                WWDG_IRQHandler
                0x08000db8                TIM2_IRQHandler
                0x08000db8                OTG_FS_WKUP_IRQHandler
                0x08000db8                TIM1_TRG_COM_TIM11_IRQHandler
                0x08000db8                EXTI1_IRQHandler
                0x08000db8                USART2_IRQHandler
                0x08000db8                I2C2_ER_IRQHandler
                0x08000db8                DMA2_Stream1_IRQHandler
                0x08000db8                FLASH_IRQHandler
                0x08000db8                DMA2_Stream4_IRQHandler
                0x08000db8                USART1_IRQHandler
                0x08000db8                OTG_FS_IRQHandler
                0x08000db8                SPI3_IRQHandler
                0x08000db8                DMA1_Stream4_IRQHandler
                0x08000db8                I2C1_ER_IRQHandler
                0x08000db8                DMA2_Stream6_IRQHandler
                0x08000db8                DMA1_Stream3_IRQHandler
 *fill*         0x08000dba        0x2 
 .text.HAL_Init
                0x08000dbc       0x44 ./Drivers/STM32F4xx_HAL_Driver/Src/stm32f4xx_hal.o
                0x08000dbc                HAL_Init
 .text.HAL_IncTick
                0x08000e00       0x28 ./Drivers/STM32F4xx_HAL_Driver/Src/stm32f4xx_hal.o
                0x08000e00                HAL_IncTick
 .text.HAL_GetTick
                0x08000e28       0x18 ./Drivers/STM32F4xx_HAL_Driver/Src/stm32f4xx_hal.o
                0x08000e28                HAL_GetTick
 .text.__NVIC_SetPriorityGrouping
                0x08000e40       0x48 ./Drivers/STM32F4xx_HAL_Driver/Src/stm32f4xx_hal_cortex.o
 .text.__NVIC_GetPriorityGrouping
                0x08000e88       0x1c ./Drivers/STM32F4xx_HAL_Driver/Src/stm32f4xx_hal_cortex.o
 .text.__NVIC_EnableIRQ
                0x08000ea4       0x3c ./Drivers/STM32F4xx_HAL_Driver/Src/stm32f4xx_hal_cortex.o
 .text.__NVIC_SetPriority
                0x08000ee0       0x54 ./Drivers/STM32F4xx_HAL_Driver/Src/stm32f4xx_hal_cortex.o
 .text.NVIC_EncodePriority
                0x08000f34       0x66 ./Drivers/STM32F4xx_HAL_Driver/Src/stm32f4xx_hal_cortex.o
 .text.HAL_NVIC_SetPriorityGrouping
                0x08000f9a       0x16 ./Drivers/STM32F4xx_HAL_Driver/Src/stm32f4xx_hal_cortex.o
                0x08000f9a                HAL_NVIC_SetPriorityGrouping
 .text.HAL_NVIC_SetPriority
                0x08000fb0       0x38 ./Drivers/STM32F4xx_HAL_Driver/Src/stm32f4xx_hal_cortex.o
                0x08000fb0                HAL_NVIC_SetPriority
 .text.HAL_NVIC_EnableIRQ
                0x08000fe8       0x1c ./Drivers/STM32F4xx_HAL_Driver/Src/stm32f4xx_hal_cortex.o
                0x08000fe8                HAL_NVIC_EnableIRQ
 .text.HAL_GPIO_Init
                0x08001004      0x308 ./Drivers/STM32F4xx_HAL_Driver/Src/stm32f4xx_hal_gpio.o
                0x08001004                HAL_GPIO_Init
 .text.HAL_GPIO_WritePin
                0x0800130c       0x32 ./Drivers/STM32F4xx_HAL_Driver/Src/stm32f4xx_hal_gpio.o
                0x0800130c                HAL_GPIO_WritePin
 .text.HAL_GPIO_TogglePin
                0x0800133e       0x34 ./Drivers/STM32F4xx_HAL_Driver/Src/stm32f4xx_hal_gpio.o
                0x0800133e                HAL_GPIO_TogglePin
 *fill*         0x08001372        0x2 
 .text.HAL_RCC_OscConfig
                0x08001374      0x4f0 ./Drivers/STM32F4xx_HAL_Driver/Src/stm32f4xx_hal_rcc.o
                0x08001374                HAL_RCC_OscConfig
 .text.HAL_RCC_ClockConfig
                0x08001864      0x1cc ./Drivers/STM32F4xx_HAL_Driver/Src/stm32f4xx_hal_rcc.o
                0x08001864                HAL_RCC_ClockConfig
 .text.HAL_RCC_GetSysClockFreq
                0x08001a30      0x20c ./Drivers/STM32F4xx_HAL_Driver/Src/stm32f4xx_hal_rcc.o
                0x08001a30                HAL_RCC_GetSysClockFreq
 .text.HAL_RCC_GetHCLKFreq
                0x08001c3c       0x18 ./Drivers/STM32F4xx_HAL_Driver/Src/stm32f4xx_hal_rcc.o
                0x08001c3c                HAL_RCC_GetHCLKFreq
 .text.HAL_RCC_GetPCLK1Freq
                0x08001c54       0x28 ./Drivers/STM32F4xx_HAL_Driver/Src/stm32f4xx_hal_rcc.o
                0x08001c54                HAL_RCC_GetPCLK1Freq
 .text.HAL_RCC_GetPCLK2Freq
                0x08001c7c       0x28 ./Drivers/STM32F4xx_HAL_Driver/Src/stm32f4xx_hal_rcc.o
                0x08001c7c                HAL_RCC_GetPCLK2Freq
 .text.HAL_RCC_GetClockConfig
                0x08001ca4       0x64 ./Drivers/STM32F4xx_HAL_Driver/Src/stm32f4xx_hal_rcc.o
                0x08001ca4                HAL_RCC_GetClockConfig
 .text.HAL_TIM_Base_Init
                0x08001d08       0x9e ./Drivers/STM32F4xx_HAL_Driver/Src/stm32f4xx_hal_tim.o
                0x08001d08                HAL_TIM_Base_Init
 .text.HAL_TIM_Base_MspInit
                0x08001da6       0x14 ./Drivers/STM32F4xx_HAL_Driver/Src/stm32f4xx_hal_tim.o
                0x08001da6                HAL_TIM_Base_MspInit
 *fill*         0x08001dba        0x2 
 .text.HAL_TIM_Base_Start_IT
                0x08001dbc       0xc4 ./Drivers/STM32F4xx_HAL_Driver/Src/stm32f4xx_hal_tim.o
                0x08001dbc                HAL_TIM_Base_Start_IT
 .text.HAL_TIM_IRQHandler
                0x08001e80      0x1e0 ./Drivers/STM32F4xx_HAL_Driver/Src/stm32f4xx_hal_tim.o
                0x08001e80                HAL_TIM_IRQHandler
 .text.HAL_TIM_OC_DelayElapsedCallback
                0x08002060       0x14 ./Drivers/STM32F4xx_HAL_Driver/Src/stm32f4xx_hal_tim.o
                0x08002060                HAL_TIM_OC_DelayElapsedCallback
 .text.HAL_TIM_IC_CaptureCallback
                0x08002074       0x14 ./Drivers/STM32F4xx_HAL_Driver/Src/stm32f4xx_hal_tim.o
                0x08002074                HAL_TIM_IC_CaptureCallback
 .text.HAL_TIM_PWM_PulseFinishedCallback
                0x08002088       0x14 ./Drivers/STM32F4xx_HAL_Driver/Src/stm32f4xx_hal_tim.o
                0x08002088                HAL_TIM_PWM_PulseFinishedCallback
 .text.HAL_TIM_TriggerCallback
                0x0800209c       0x14 ./Drivers/STM32F4xx_HAL_Driver/Src/stm32f4xx_hal_tim.o
                0x0800209c                HAL_TIM_TriggerCallback
 .text.TIM_Base_SetConfig
                0x080020b0      0x10c ./Drivers/STM32F4xx_HAL_Driver/Src/stm32f4xx_hal_tim.o
                0x080020b0                TIM_Base_SetConfig
 .text.HAL_TIMEx_CommutCallback
                0x080021bc       0x14 ./Drivers/STM32F4xx_HAL_Driver/Src/stm32f4xx_hal_tim_ex.o
                0x080021bc                HAL_TIMEx_CommutCallback
 .text.HAL_TIMEx_BreakCallback
                0x080021d0       0x14 ./Drivers/STM32F4xx_HAL_Driver/Src/stm32f4xx_hal_tim_ex.o
                0x080021d0                HAL_TIMEx_BreakCallback
 .text.HAL_UART_Init
                0x080021e4       0xa0 ./Drivers/STM32F4xx_HAL_Driver/Src/stm32f4xx_hal_uart.o
                0x080021e4                HAL_UART_Init
 .text.UART_SetConfig
                0x08002284      0x4e8 ./Drivers/STM32F4xx_HAL_Driver/Src/stm32f4xx_hal_uart.o
 .text.vListInitialise
                0x0800276c       0x40 ./Thirdparty/FreeRTOS/list.o
                0x0800276c                vListInitialise
 .text.vListInitialiseItem
                0x080027ac       0x1a ./Thirdparty/FreeRTOS/list.o
                0x080027ac                vListInitialiseItem
 .text.vListInsert
                0x080027c6       0x72 ./Thirdparty/FreeRTOS/list.o
                0x080027c6                vListInsert
 .text.uxListRemove
                0x08002838       0x54 ./Thirdparty/FreeRTOS/list.o
                0x08002838                uxListRemove
 .text.xQueueGenericReset
                0x0800288c      0x124 ./Thirdparty/FreeRTOS/queue.o
                0x0800288c                xQueueGenericReset
 .text.xQueueGenericCreate
                0x080029b0       0x9e ./Thirdparty/FreeRTOS/queue.o
                0x080029b0                xQueueGenericCreate
 .text.prvInitialiseNewQueue
                0x08002a4e       0x46 ./Thirdparty/FreeRTOS/queue.o
 .text.xQueueReceive
                0x08002a94      0x1c4 ./Thirdparty/FreeRTOS/queue.o
                0x08002a94                xQueueReceive
 .text.prvCopyDataFromQueue
                0x08002c58       0x4c ./Thirdparty/FreeRTOS/queue.o
 .text.prvUnlockQueue
                0x08002ca4       0xa4 ./Thirdparty/FreeRTOS/queue.o
 .text.prvIsQueueEmpty
                0x08002d48       0x2c ./Thirdparty/FreeRTOS/queue.o
 .text.vQueueAddToRegistry
                0x08002d74       0xa0 ./Thirdparty/FreeRTOS/queue.o
                0x08002d74                vQueueAddToRegistry
 .text.vQueueWaitForMessageRestricted
                0x08002e14       0x68 ./Thirdparty/FreeRTOS/queue.o
                0x08002e14                vQueueWaitForMessageRestricted
 .text.prvCreateTask
                0x08002e7c       0x78 ./Thirdparty/FreeRTOS/tasks.o
 .text.xTaskCreate
                0x08002ef4       0x46 ./Thirdparty/FreeRTOS/tasks.o
                0x08002ef4                xTaskCreate
 .text.prvInitialiseNewTask
                0x08002f3a      0x14a ./Thirdparty/FreeRTOS/tasks.o
 .text.prvAddNewTaskToReadyList
                0x08003084      0x130 ./Thirdparty/FreeRTOS/tasks.o
 .text.vTaskDelay
                0x080031b4       0x6c ./Thirdparty/FreeRTOS/tasks.o
                0x080031b4                vTaskDelay
 .text.prvCreateIdleTasks
                0x08003220       0xa8 ./Thirdparty/FreeRTOS/tasks.o
 .text.vTaskStartScheduler
                0x080032c8       0x88 ./Thirdparty/FreeRTOS/tasks.o
                0x080032c8                vTaskStartScheduler
 .text.vTaskSuspendAll
                0x08003350       0x1c ./Thirdparty/FreeRTOS/tasks.o
                0x08003350                vTaskSuspendAll
 .text.xTaskResumeAll
                0x0800336c      0x210 ./Thirdparty/FreeRTOS/tasks.o
                0x0800336c                xTaskResumeAll
 .text.xTaskGetTickCount
                0x0800357c       0x20 ./Thirdparty/FreeRTOS/tasks.o
                0x0800357c                xTaskGetTickCount
 .text.xTaskIncrementTick
                0x0800359c      0x234 ./Thirdparty/FreeRTOS/tasks.o
                0x0800359c                xTaskIncrementTick
 .text.vTaskSwitchContext
                0x080037d0       0xbc ./Thirdparty/FreeRTOS/tasks.o
                0x080037d0                vTaskSwitchContext
 .text.vTaskPlaceOnEventList
                0x0800388c       0x4c ./Thirdparty/FreeRTOS/tasks.o
                0x0800388c                vTaskPlaceOnEventList
 .text.vTaskPlaceOnEventListRestricted
                0x080038d8       0x8c ./Thirdparty/FreeRTOS/tasks.o
                0x080038d8                vTaskPlaceOnEventListRestricted
 .text.xTaskRemoveFromEventList
                0x08003964      0x1b4 ./Thirdparty/FreeRTOS/tasks.o
                0x08003964                xTaskRemoveFromEventList
 .text.vTaskInternalSetTimeOutState
                0x08003b18       0x2c ./Thirdparty/FreeRTOS/tasks.o
                0x08003b18                vTaskInternalSetTimeOutState
 .text.xTaskCheckForTimeOut
                0x08003b44       0xd0 ./Thirdparty/FreeRTOS/tasks.o
                0x08003b44                xTaskCheckForTimeOut
 .text.vTaskMissedYield
                0x08003c14       0x18 ./Thirdparty/FreeRTOS/tasks.o
                0x08003c14                vTaskMissedYield
 .text.prvIdleTask
                0x08003c2c       0x30 ./Thirdparty/FreeRTOS/tasks.o
 .text.prvInitialiseTaskLists
                0x08003c5c       0x80 ./Thirdparty/FreeRTOS/tasks.o
 .text.prvCheckTasksWaitingTermination
                0x08003cdc       0x5c ./Thirdparty/FreeRTOS/tasks.o
 .text.prvDeleteTCB
                0x08003d38       0x20 ./Thirdparty/FreeRTOS/tasks.o
 .text.prvResetNextTaskUnblockTime
                0x08003d58       0x38 ./Thirdparty/FreeRTOS/tasks.o
 .text.xTaskGetSchedulerState
                0x08003d90       0x3c ./Thirdparty/FreeRTOS/tasks.o
                0x08003d90                xTaskGetSchedulerState
 .text.prvAddCurrentTaskToDelayedList
                0x08003dcc      0x104 ./Thirdparty/FreeRTOS/tasks.o
 .text.xTimerCreateTimerTask
                0x08003ed0       0x68 ./Thirdparty/FreeRTOS/timers.o
                0x08003ed0                xTimerCreateTimerTask
 .text.prvReloadTimer
                0x08003f38       0x42 ./Thirdparty/FreeRTOS/timers.o
 *fill*         0x08003f7a        0x2 
 .text.prvProcessExpiredTimer
                0x08003f7c       0x60 ./Thirdparty/FreeRTOS/timers.o
 .text.prvTimerTask
                0x08003fdc       0x26 ./Thirdparty/FreeRTOS/timers.o
 *fill*         0x08004002        0x2 
 .text.prvProcessTimerOrBlockTask
                0x08004004       0x9c ./Thirdparty/FreeRTOS/timers.o
 .text.prvGetNextExpireTime
                0x080040a0       0x48 ./Thirdparty/FreeRTOS/timers.o
 .text.prvSampleTimeNow
                0x080040e8       0x40 ./Thirdparty/FreeRTOS/timers.o
 .text.prvInsertTimerInActiveList
                0x08004128       0x84 ./Thirdparty/FreeRTOS/timers.o
 .text.prvProcessReceivedCommands
                0x080041ac      0x198 ./Thirdparty/FreeRTOS/timers.o
 .text.prvSwitchTimerLists
                0x08004344       0x4c ./Thirdparty/FreeRTOS/timers.o
 .text.prvCheckForValidListAndQueue
                0x08004390       0x6c ./Thirdparty/FreeRTOS/timers.o
 .text.pxPortInitialiseStack
                0x080043fc       0x68 ./Thirdparty/FreeRTOS/portable/GCC/ARM_CM4F/port.o
                0x080043fc                pxPortInitialiseStack
 .text.prvTaskExitError
                0x08004464       0x5c ./Thirdparty/FreeRTOS/portable/GCC/ARM_CM4F/port.o
 .text.SVC_Handler
                0x080044c0       0x24 ./Thirdparty/FreeRTOS/portable/GCC/ARM_CM4F/port.o
                0x080044c0                SVC_Handler
 .text.prvPortStartFirstTask
                0x080044e4       0x2c ./Thirdparty/FreeRTOS/portable/GCC/ARM_CM4F/port.o
 .text.xPortStartScheduler
                0x08004510      0x1e0 ./Thirdparty/FreeRTOS/portable/GCC/ARM_CM4F/port.o
                0x08004510                xPortStartScheduler
 .text.vPortEnterCritical
                0x080046f0       0x64 ./Thirdparty/FreeRTOS/portable/GCC/ARM_CM4F/port.o
                0x080046f0                vPortEnterCritical
 .text.vPortExitCritical
                0x08004754       0x54 ./Thirdparty/FreeRTOS/portable/GCC/ARM_CM4F/port.o
                0x08004754                vPortExitCritical
 .text.PendSV_Handler
                0x080047a8       0x64 ./Thirdparty/FreeRTOS/portable/GCC/ARM_CM4F/port.o
                0x080047a8                PendSV_Handler
 .text.SysTick_Handler
                0x0800480c       0x44 ./Thirdparty/FreeRTOS/portable/GCC/ARM_CM4F/port.o
                0x0800480c                SysTick_Handler
 .text.vPortSetupTimerInterrupt
                0x08004850       0x48 ./Thirdparty/FreeRTOS/portable/GCC/ARM_CM4F/port.o
                0x08004850                vPortSetupTimerInterrupt
 .text.vPortEnableVFP
                0x08004898       0x18 ./Thirdparty/FreeRTOS/portable/GCC/ARM_CM4F/port.o
 .text.pvPortMalloc
                0x080048b0      0x270 ./Thirdparty/FreeRTOS/portable/MemMang/heap_4.o
                0x080048b0                pvPortMalloc
 .text.vPortFree
                0x08004b20       0xec ./Thirdparty/FreeRTOS/portable/MemMang/heap_4.o
                0x08004b20                vPortFree
 .text.prvHeapInit
                0x08004c0c       0xb4 ./Thirdparty/FreeRTOS/portable/MemMang/heap_4.o
 .text.prvInsertBlockIntoFreeList
                0x08004cc0       0xf4 ./Thirdparty/FreeRTOS/portable/MemMang/heap_4.o
 .text.std      0x08004db4       0x6c C:/ST/STM32CubeIDE_1.19.0/STM32CubeIDE/plugins/com.st.stm32cube.ide.mcu.externaltools.gnu-tools-for-stm32.13.3.rel1.win32_1.0.0.202411081344/tools/bin/../lib/gcc/arm-none-eabi/13.3.1/../../../../arm-none-eabi/lib/thumb/v7e-m+fp/hard\libc_nano.a(libc_a-findfp.o)
 .text.stdio_exit_handler
                0x08004e20       0x18 C:/ST/STM32CubeIDE_1.19.0/STM32CubeIDE/plugins/com.st.stm32cube.ide.mcu.externaltools.gnu-tools-for-stm32.13.3.rel1.win32_1.0.0.202411081344/tools/bin/../lib/gcc/arm-none-eabi/13.3.1/../../../../arm-none-eabi/lib/thumb/v7e-m+fp/hard\libc_nano.a(libc_a-findfp.o)
 .text.cleanup_stdio
                0x08004e38       0x40 C:/ST/STM32CubeIDE_1.19.0/STM32CubeIDE/plugins/com.st.stm32cube.ide.mcu.externaltools.gnu-tools-for-stm32.13.3.rel1.win32_1.0.0.202411081344/tools/bin/../lib/gcc/arm-none-eabi/13.3.1/../../../../arm-none-eabi/lib/thumb/v7e-m+fp/hard\libc_nano.a(libc_a-findfp.o)
 .text.global_stdio_init.part.0
                0x08004e78       0x3c C:/ST/STM32CubeIDE_1.19.0/STM32CubeIDE/plugins/com.st.stm32cube.ide.mcu.externaltools.gnu-tools-for-stm32.13.3.rel1.win32_1.0.0.202411081344/tools/bin/../lib/gcc/arm-none-eabi/13.3.1/../../../../arm-none-eabi/lib/thumb/v7e-m+fp/hard\libc_nano.a(libc_a-findfp.o)
 .text.__sfp_lock_acquire
                0x08004eb4        0xc C:/ST/STM32CubeIDE_1.19.0/STM32CubeIDE/plugins/com.st.stm32cube.ide.mcu.externaltools.gnu-tools-for-stm32.13.3.rel1.win32_1.0.0.202411081344/tools/bin/../lib/gcc/arm-none-eabi/13.3.1/../../../../arm-none-eabi/lib/thumb/v7e-m+fp/hard\libc_nano.a(libc_a-findfp.o)
                0x08004eb4                __sfp_lock_acquire
 .text.__sfp_lock_release
                0x08004ec0        0xc C:/ST/STM32CubeIDE_1.19.0/STM32CubeIDE/plugins/com.st.stm32cube.ide.mcu.externaltools.gnu-tools-for-stm32.13.3.rel1.win32_1.0.0.202411081344/tools/bin/../lib/gcc/arm-none-eabi/13.3.1/../../../../arm-none-eabi/lib/thumb/v7e-m+fp/hard\libc_nano.a(libc_a-findfp.o)
                0x08004ec0                __sfp_lock_release
 .text.__sinit  0x08004ecc       0x30 C:/ST/STM32CubeIDE_1.19.0/STM32CubeIDE/plugins/com.st.stm32cube.ide.mcu.externaltools.gnu-tools-for-stm32.13.3.rel1.win32_1.0.0.202411081344/tools/bin/../lib/gcc/arm-none-eabi/13.3.1/../../../../arm-none-eabi/lib/thumb/v7e-m+fp/hard\libc_nano.a(libc_a-findfp.o)
                0x08004ecc                __sinit
 .text._fwalk_sglue
                0x08004efc       0x3c C:/ST/STM32CubeIDE_1.19.0/STM32CubeIDE/plugins/com.st.stm32cube.ide.mcu.externaltools.gnu-tools-for-stm32.13.3.rel1.win32_1.0.0.202411081344/tools/bin/../lib/gcc/arm-none-eabi/13.3.1/../../../../arm-none-eabi/lib/thumb/v7e-m+fp/hard\libc_nano.a(libc_a-fwalk.o)
                0x08004efc                _fwalk_sglue
 .text.printf   0x08004f38       0x24 C:/ST/STM32CubeIDE_1.19.0/STM32CubeIDE/plugins/com.st.stm32cube.ide.mcu.externaltools.gnu-tools-for-stm32.13.3.rel1.win32_1.0.0.202411081344/tools/bin/../lib/gcc/arm-none-eabi/13.3.1/../../../../arm-none-eabi/lib/thumb/v7e-m+fp/hard\libc_nano.a(libc_a-printf.o)
                0x08004f38                iprintf
                0x08004f38                printf
 .text.__sread  0x08004f5c       0x22 C:/ST/STM32CubeIDE_1.19.0/STM32CubeIDE/plugins/com.st.stm32cube.ide.mcu.externaltools.gnu-tools-for-stm32.13.3.rel1.win32_1.0.0.202411081344/tools/bin/../lib/gcc/arm-none-eabi/13.3.1/../../../../arm-none-eabi/lib/thumb/v7e-m+fp/hard\libc_nano.a(libc_a-stdio.o)
                0x08004f5c                __sread
 .text.__swrite
                0x08004f7e       0x38 C:/ST/STM32CubeIDE_1.19.0/STM32CubeIDE/plugins/com.st.stm32cube.ide.mcu.externaltools.gnu-tools-for-stm32.13.3.rel1.win32_1.0.0.202411081344/tools/bin/../lib/gcc/arm-none-eabi/13.3.1/../../../../arm-none-eabi/lib/thumb/v7e-m+fp/hard\libc_nano.a(libc_a-stdio.o)
                0x08004f7e                __swrite
 .text.__sseek  0x08004fb6       0x24 C:/ST/STM32CubeIDE_1.19.0/STM32CubeIDE/plugins/com.st.stm32cube.ide.mcu.externaltools.gnu-tools-for-stm32.13.3.rel1.win32_1.0.0.202411081344/tools/bin/../lib/gcc/arm-none-eabi/13.3.1/../../../../arm-none-eabi/lib/thumb/v7e-m+fp/hard\libc_nano.a(libc_a-stdio.o)
                0x08004fb6                __sseek
 .text.__sclose
                0x08004fda        0x8 C:/ST/STM32CubeIDE_1.19.0/STM32CubeIDE/plugins/com.st.stm32cube.ide.mcu.externaltools.gnu-tools-for-stm32.13.3.rel1.win32_1.0.0.202411081344/tools/bin/../lib/gcc/arm-none-eabi/13.3.1/../../../../arm-none-eabi/lib/thumb/v7e-m+fp/hard\libc_nano.a(libc_a-stdio.o)
                0x08004fda                __sclose
 .text.memset   0x08004fe2       0x10 C:/ST/STM32CubeIDE_1.19.0/STM32CubeIDE/plugins/com.st.stm32cube.ide.mcu.externaltools.gnu-tools-for-stm32.13.3.rel1.win32_1.0.0.202411081344/tools/bin/../lib/gcc/arm-none-eabi/13.3.1/../../../../arm-none-eabi/lib/thumb/v7e-m+fp/hard\libc_nano.a(libc_a-memset.o)
                0x08004fe2                memset
 *fill*         0x08004ff2        0x2 
 .text._close_r
                0x08004ff4       0x20 C:/ST/STM32CubeIDE_1.19.0/STM32CubeIDE/plugins/com.st.stm32cube.ide.mcu.externaltools.gnu-tools-for-stm32.13.3.rel1.win32_1.0.0.202411081344/tools/bin/../lib/gcc/arm-none-eabi/13.3.1/../../../../arm-none-eabi/lib/thumb/v7e-m+fp/hard\libc_nano.a(libc_a-closer.o)
                0x08004ff4                _close_r
 .text._lseek_r
                0x08005014       0x24 C:/ST/STM32CubeIDE_1.19.0/STM32CubeIDE/plugins/com.st.stm32cube.ide.mcu.externaltools.gnu-tools-for-stm32.13.3.rel1.win32_1.0.0.202411081344/tools/bin/../lib/gcc/arm-none-eabi/13.3.1/../../../../arm-none-eabi/lib/thumb/v7e-m+fp/hard\libc_nano.a(libc_a-lseekr.o)
                0x08005014                _lseek_r
 .text._read_r  0x08005038       0x24 C:/ST/STM32CubeIDE_1.19.0/STM32CubeIDE/plugins/com.st.stm32cube.ide.mcu.externaltools.gnu-tools-for-stm32.13.3.rel1.win32_1.0.0.202411081344/tools/bin/../lib/gcc/arm-none-eabi/13.3.1/../../../../arm-none-eabi/lib/thumb/v7e-m+fp/hard\libc_nano.a(libc_a-readr.o)
                0x08005038                _read_r
 .text._write_r
                0x0800505c       0x24 C:/ST/STM32CubeIDE_1.19.0/STM32CubeIDE/plugins/com.st.stm32cube.ide.mcu.externaltools.gnu-tools-for-stm32.13.3.rel1.win32_1.0.0.202411081344/tools/bin/../lib/gcc/arm-none-eabi/13.3.1/../../../../arm-none-eabi/lib/thumb/v7e-m+fp/hard\libc_nano.a(libc_a-writer.o)
                0x0800505c                _write_r
 .text.__errno  0x08005080        0xc C:/ST/STM32CubeIDE_1.19.0/STM32CubeIDE/plugins/com.st.stm32cube.ide.mcu.externaltools.gnu-tools-for-stm32.13.3.rel1.win32_1.0.0.202411081344/tools/bin/../lib/gcc/arm-none-eabi/13.3.1/../../../../arm-none-eabi/lib/thumb/v7e-m+fp/hard\libc_nano.a(libc_a-errno.o)
                0x08005080                __errno
 .text.__libc_init_array
                0x0800508c       0x48 C:/ST/STM32CubeIDE_1.19.0/STM32CubeIDE/plugins/com.st.stm32cube.ide.mcu.externaltools.gnu-tools-for-stm32.13.3.rel1.win32_1.0.0.202411081344/tools/bin/../lib/gcc/arm-none-eabi/13.3.1/../../../../arm-none-eabi/lib/thumb/v7e-m+fp/hard\libc_nano.a(libc_a-init.o)
                0x0800508c                __libc_init_array
 .text.__retarget_lock_init_recursive
                0x080050d4        0x2 C:/ST/STM32CubeIDE_1.19.0/STM32CubeIDE/plugins/com.st.stm32cube.ide.mcu.externaltools.gnu-tools-for-stm32.13.3.rel1.win32_1.0.0.202411081344/tools/bin/../lib/gcc/arm-none-eabi/13.3.1/../../../../arm-none-eabi/lib/thumb/v7e-m+fp/hard\libc_nano.a(libc_a-lock.o)
                0x080050d4                __retarget_lock_init_recursive
 .text.__retarget_lock_acquire_recursive
                0x080050d6        0x2 C:/ST/STM32CubeIDE_1.19.0/STM32CubeIDE/plugins/com.st.stm32cube.ide.mcu.externaltools.gnu-tools-for-stm32.13.3.rel1.win32_1.0.0.202411081344/tools/bin/../lib/gcc/arm-none-eabi/13.3.1/../../../../arm-none-eabi/lib/thumb/v7e-m+fp/hard\libc_nano.a(libc_a-lock.o)
                0x080050d6                __retarget_lock_acquire_recursive
 .text.__retarget_lock_release_recursive
                0x080050d8        0x2 C:/ST/STM32CubeIDE_1.19.0/STM32CubeIDE/plugins/com.st.stm32cube.ide.mcu.externaltools.gnu-tools-for-stm32.13.3.rel1.win32_1.0.0.202411081344/tools/bin/../lib/gcc/arm-none-eabi/13.3.1/../../../../arm-none-eabi/lib/thumb/v7e-m+fp/hard\libc_nano.a(libc_a-lock.o)
                0x080050d8                __retarget_lock_release_recursive
 .text.memcpy   0x080050da       0x1c C:/ST/STM32CubeIDE_1.19.0/STM32CubeIDE/plugins/com.st.stm32cube.ide.mcu.externaltools.gnu-tools-for-stm32.13.3.rel1.win32_1.0.0.202411081344/tools/bin/../lib/gcc/arm-none-eabi/13.3.1/../../../../arm-none-eabi/lib/thumb/v7e-m+fp/hard\libc_nano.a(libc_a-memcpy-stub.o)
                0x080050da                memcpy
 *fill*         0x080050f6        0x2 
 .text._free_r  0x080050f8       0x94 C:/ST/STM32CubeIDE_1.19.0/STM32CubeIDE/plugins/com.st.stm32cube.ide.mcu.externaltools.gnu-tools-for-stm32.13.3.rel1.win32_1.0.0.202411081344/tools/bin/../lib/gcc/arm-none-eabi/13.3.1/../../../../arm-none-eabi/lib/thumb/v7e-m+fp/hard\libc_nano.a(libc_a-freer.o)
                0x080050f8                _free_r
 .text.sbrk_aligned
                0x0800518c       0x44 C:/ST/STM32CubeIDE_1.19.0/STM32CubeIDE/plugins/com.st.stm32cube.ide.mcu.externaltools.gnu-tools-for-stm32.13.3.rel1.win32_1.0.0.202411081344/tools/bin/../lib/gcc/arm-none-eabi/13.3.1/../../../../arm-none-eabi/lib/thumb/v7e-m+fp/hard\libc_nano.a(libc_a-mallocr.o)
 .text._malloc_r
                0x080051d0      0x100 C:/ST/STM32CubeIDE_1.19.0/STM32CubeIDE/plugins/com.st.stm32cube.ide.mcu.externaltools.gnu-tools-for-stm32.13.3.rel1.win32_1.0.0.202411081344/tools/bin/../lib/gcc/arm-none-eabi/13.3.1/../../../../arm-none-eabi/lib/thumb/v7e-m+fp/hard\libc_nano.a(libc_a-mallocr.o)
                0x080051d0                _malloc_r
 .text.__malloc_lock
                0x080052d0        0xc C:/ST/STM32CubeIDE_1.19.0/STM32CubeIDE/plugins/com.st.stm32cube.ide.mcu.externaltools.gnu-tools-for-stm32.13.3.rel1.win32_1.0.0.202411081344/tools/bin/../lib/gcc/arm-none-eabi/13.3.1/../../../../arm-none-eabi/lib/thumb/v7e-m+fp/hard\libc_nano.a(libc_a-mlock.o)
                0x080052d0                __malloc_lock
 .text.__malloc_unlock
                0x080052dc        0xc C:/ST/STM32CubeIDE_1.19.0/STM32CubeIDE/plugins/com.st.stm32cube.ide.mcu.externaltools.gnu-tools-for-stm32.13.3.rel1.win32_1.0.0.202411081344/tools/bin/../lib/gcc/arm-none-eabi/13.3.1/../../../../arm-none-eabi/lib/thumb/v7e-m+fp/hard\libc_nano.a(libc_a-mlock.o)
                0x080052dc                __malloc_unlock
 .text.__sfputc_r
                0x080052e8       0x2e C:/ST/STM32CubeIDE_1.19.0/STM32CubeIDE/plugins/com.st.stm32cube.ide.mcu.externaltools.gnu-tools-for-stm32.13.3.rel1.win32_1.0.0.202411081344/tools/bin/../lib/gcc/arm-none-eabi/13.3.1/../../../../arm-none-eabi/lib/thumb/v7e-m+fp/hard\libc_nano.a(libc_a-nano-vfprintf.o)
 .text.__sfputs_r
                0x08005316       0x24 C:/ST/STM32CubeIDE_1.19.0/STM32CubeIDE/plugins/com.st.stm32cube.ide.mcu.externaltools.gnu-tools-for-stm32.13.3.rel1.win32_1.0.0.202411081344/tools/bin/../lib/gcc/arm-none-eabi/13.3.1/../../../../arm-none-eabi/lib/thumb/v7e-m+fp/hard\libc_nano.a(libc_a-nano-vfprintf.o)
                0x08005316                __sfputs_r
 *fill*         0x0800533a        0x2 
 .text._vfprintf_r
                0x0800533c      0x230 C:/ST/STM32CubeIDE_1.19.0/STM32CubeIDE/plugins/com.st.stm32cube.ide.mcu.externaltools.gnu-tools-for-stm32.13.3.rel1.win32_1.0.0.202411081344/tools/bin/../lib/gcc/arm-none-eabi/13.3.1/../../../../arm-none-eabi/lib/thumb/v7e-m+fp/hard\libc_nano.a(libc_a-nano-vfprintf.o)
                0x0800533c                _vfprintf_r
                0x0800533c                _vfiprintf_r
 .text._printf_common
                0x0800556c       0xda C:/ST/STM32CubeIDE_1.19.0/STM32CubeIDE/plugins/com.st.stm32cube.ide.mcu.externaltools.gnu-tools-for-stm32.13.3.rel1.win32_1.0.0.202411081344/tools/bin/../lib/gcc/arm-none-eabi/13.3.1/../../../../arm-none-eabi/lib/thumb/v7e-m+fp/hard\libc_nano.a(libc_a-nano-vfprintf_i.o)
                0x0800556c                _printf_common
 *fill*         0x08005646        0x2 
 .text._printf_i
                0x08005648      0x23c C:/ST/STM32CubeIDE_1.19.0/STM32CubeIDE/plugins/com.st.stm32cube.ide.mcu.externaltools.gnu-tools-for-stm32.13.3.rel1.win32_1.0.0.202411081344/tools/bin/../lib/gcc/arm-none-eabi/13.3.1/../../../../arm-none-eabi/lib/thumb/v7e-m+fp/hard\libc_nano.a(libc_a-nano-vfprintf_i.o)
                0x08005648                _printf_i
 .text.__sflush_r
                0x08005884      0x108 C:/ST/STM32CubeIDE_1.19.0/STM32CubeIDE/plugins/com.st.stm32cube.ide.mcu.externaltools.gnu-tools-for-stm32.13.3.rel1.win32_1.0.0.202411081344/tools/bin/../lib/gcc/arm-none-eabi/13.3.1/../../../../arm-none-eabi/lib/thumb/v7e-m+fp/hard\libc_nano.a(libc_a-fflush.o)
                0x08005884                __sflush_r
 .text._fflush_r
                0x0800598c       0x50 C:/ST/STM32CubeIDE_1.19.0/STM32CubeIDE/plugins/com.st.stm32cube.ide.mcu.externaltools.gnu-tools-for-stm32.13.3.rel1.win32_1.0.0.202411081344/tools/bin/../lib/gcc/arm-none-eabi/13.3.1/../../../../arm-none-eabi/lib/thumb/v7e-m+fp/hard\libc_nano.a(libc_a-fflush.o)
                0x0800598c                _fflush_r
 .text.__swbuf_r
                0x080059dc       0x7c C:/ST/STM32CubeIDE_1.19.0/STM32CubeIDE/plugins/com.st.stm32cube.ide.mcu.externaltools.gnu-tools-for-stm32.13.3.rel1.win32_1.0.0.202411081344/tools/bin/../lib/gcc/arm-none-eabi/13.3.1/../../../../arm-none-eabi/lib/thumb/v7e-m+fp/hard\libc_nano.a(libc_a-wbuf.o)
                0x080059dc                __swbuf_r
 .text.__swsetup_r
                0x08005a58       0xac C:/ST/STM32CubeIDE_1.19.0/STM32CubeIDE/plugins/com.st.stm32cube.ide.mcu.externaltools.gnu-tools-for-stm32.13.3.rel1.win32_1.0.0.202411081344/tools/bin/../lib/gcc/arm-none-eabi/13.3.1/../../../../arm-none-eabi/lib/thumb/v7e-m+fp/hard\libc_nano.a(libc_a-wsetup.o)
                0x08005a58                __swsetup_r
 .text._sbrk_r  0x08005b04       0x20 C:/ST/STM32CubeIDE_1.19.0/STM32CubeIDE/plugins/com.st.stm32cube.ide.mcu.externaltools.gnu-tools-for-stm32.13.3.rel1.win32_1.0.0.202411081344/tools/bin/../lib/gcc/arm-none-eabi/13.3.1/../../../../arm-none-eabi/lib/thumb/v7e-m+fp/hard\libc_nano.a(libc_a-sbrkr.o)
                0x08005b04                _sbrk_r
 .text.__swhatbuf_r
                0x08005b24       0x4c C:/ST/STM32CubeIDE_1.19.0/STM32CubeIDE/plugins/com.st.stm32cube.ide.mcu.externaltools.gnu-tools-for-stm32.13.3.rel1.win32_1.0.0.202411081344/tools/bin/../lib/gcc/arm-none-eabi/13.3.1/../../../../arm-none-eabi/lib/thumb/v7e-m+fp/hard\libc_nano.a(libc_a-makebuf.o)
                0x08005b24                __swhatbuf_r
 .text.__smakebuf_r
                0x08005b70       0x78 C:/ST/STM32CubeIDE_1.19.0/STM32CubeIDE/plugins/com.st.stm32cube.ide.mcu.externaltools.gnu-tools-for-stm32.13.3.rel1.win32_1.0.0.202411081344/tools/bin/../lib/gcc/arm-none-eabi/13.3.1/../../../../arm-none-eabi/lib/thumb/v7e-m+fp/hard\libc_nano.a(libc_a-makebuf.o)
                0x08005b70                __smakebuf_r
 .text._fstat_r
                0x08005be8       0x24 C:/ST/STM32CubeIDE_1.19.0/STM32CubeIDE/plugins/com.st.stm32cube.ide.mcu.externaltools.gnu-tools-for-stm32.13.3.rel1.win32_1.0.0.202411081344/tools/bin/../lib/gcc/arm-none-eabi/13.3.1/../../../../arm-none-eabi/lib/thumb/v7e-m+fp/hard\libc_nano.a(libc_a-fstatr.o)
                0x08005be8                _fstat_r
 .text._isatty_r
                0x08005c0c       0x20 C:/ST/STM32CubeIDE_1.19.0/STM32CubeIDE/plugins/com.st.stm32cube.ide.mcu.externaltools.gnu-tools-for-stm32.13.3.rel1.win32_1.0.0.202411081344/tools/bin/../lib/gcc/arm-none-eabi/13.3.1/../../../../arm-none-eabi/lib/thumb/v7e-m+fp/hard\libc_nano.a(libc_a-isattyr.o)
                0x08005c0c                _isatty_r
 *(.glue_7)
 .glue_7        0x08005c2c        0x0 linker stubs
 *(.glue_7t)
 .glue_7t       0x08005c2c        0x0 linker stubs
 *(.eh_frame)
 .eh_frame      0x08005c2c        0x0 C:/ST/STM32CubeIDE_1.19.0/STM32CubeIDE/plugins/com.st.stm32cube.ide.mcu.externaltools.gnu-tools-for-stm32.13.3.rel1.win32_1.0.0.202411081344/tools/bin/../lib/gcc/arm-none-eabi/13.3.1/thumb/v7e-m+fp/hard/crtbegin.o
 *(.init)
 .init          0x08005c2c        0x4 C:/ST/STM32CubeIDE_1.19.0/STM32CubeIDE/plugins/com.st.stm32cube.ide.mcu.externaltools.gnu-tools-for-stm32.13.3.rel1.win32_1.0.0.202411081344/tools/bin/../lib/gcc/arm-none-eabi/13.3.1/thumb/v7e-m+fp/hard/crti.o
                0x08005c2c                _init
 .init          0x08005c30        0x8 C:/ST/STM32CubeIDE_1.19.0/STM32CubeIDE/plugins/com.st.stm32cube.ide.mcu.externaltools.gnu-tools-for-stm32.13.3.rel1.win32_1.0.0.202411081344/tools/bin/../lib/gcc/arm-none-eabi/13.3.1/thumb/v7e-m+fp/hard/crtn.o
 *(.fini)
 .fini          0x08005c38        0x4 C:/ST/STM32CubeIDE_1.19.0/STM32CubeIDE/plugins/com.st.stm32cube.ide.mcu.externaltools.gnu-tools-for-stm32.13.3.rel1.win32_1.0.0.202411081344/tools/bin/../lib/gcc/arm-none-eabi/13.3.1/thumb/v7e-m+fp/hard/crti.o
                0x08005c38                _fini
 .fini          0x08005c3c        0x8 C:/ST/STM32CubeIDE_1.19.0/STM32CubeIDE/plugins/com.st.stm32cube.ide.mcu.externaltools.gnu-tools-for-stm32.13.3.rel1.win32_1.0.0.202411081344/tools/bin/../lib/gcc/arm-none-eabi/13.3.1/thumb/v7e-m+fp/hard/crtn.o
                0x08005c44                        . = ALIGN (0x4)
                0x08005c44                        _etext = .

.vfp11_veneer   0x08005c44        0x0
 .vfp11_veneer  0x08005c44        0x0 linker stubs

.v4_bx          0x08005c44        0x0
 .v4_bx         0x08005c44        0x0 linker stubs

.iplt           0x08005c44        0x0
 .iplt          0x08005c44        0x0 C:/ST/STM32CubeIDE_1.19.0/STM32CubeIDE/plugins/com.st.stm32cube.ide.mcu.externaltools.gnu-tools-for-stm32.13.3.rel1.win32_1.0.0.202411081344/tools/bin/../lib/gcc/arm-none-eabi/13.3.1/thumb/v7e-m+fp/hard/crtbegin.o

.rodata         0x08005c44       0xb4
                0x08005c44                        . = ALIGN (0x4)
 *(.rodata)
 .rodata        0x08005c44       0x49 ./Core/Src/main.o
 *fill*         0x08005c8d        0x3 
 .rodata        0x08005c90        0x5 ./Thirdparty/FreeRTOS/tasks.o
 *fill*         0x08005c95        0x3 
 .rodata        0x08005c98        0xd ./Thirdparty/FreeRTOS/timers.o
 *(.rodata*)
 *fill*         0x08005ca5        0x3 
 .rodata.AHBPrescTable
                0x08005ca8       0x10 ./Core/Src/system_stm32f4xx.o
                0x08005ca8                AHBPrescTable
 .rodata.APBPrescTable
                0x08005cb8        0x8 ./Core/Src/system_stm32f4xx.o
                0x08005cb8                APBPrescTable
 .rodata.uxTopUsedPriority
                0x08005cc0        0x4 ./Thirdparty/FreeRTOS/tasks.o
 .rodata._vfprintf_r.str1.1
                0x08005cc4       0x33 C:/ST/STM32CubeIDE_1.19.0/STM32CubeIDE/plugins/com.st.stm32cube.ide.mcu.externaltools.gnu-tools-for-stm32.13.3.rel1.win32_1.0.0.202411081344/tools/bin/../lib/gcc/arm-none-eabi/13.3.1/../../../../arm-none-eabi/lib/thumb/v7e-m+fp/hard\libc_nano.a(libc_a-nano-vfprintf.o)
                                 0x11 (size before relaxing)
 .rodata._printf_i.str1.1
                0x08005cf7       0x22 C:/ST/STM32CubeIDE_1.19.0/STM32CubeIDE/plugins/com.st.stm32cube.ide.mcu.externaltools.gnu-tools-for-stm32.13.3.rel1.win32_1.0.0.202411081344/tools/bin/../lib/gcc/arm-none-eabi/13.3.1/../../../../arm-none-eabi/lib/thumb/v7e-m+fp/hard\libc_nano.a(libc_a-nano-vfprintf_i.o)
                0x08005d1c                        . = ALIGN (0x4)
 *fill*         0x08005cf7        0x1 

.ARM.extab      0x08005cf8        0x0
                0x08005cf8                        . = ALIGN (0x4)
 *(.ARM.extab* .gnu.linkonce.armextab.*)
                0x08005cf8                        . = ALIGN (0x4)

.ARM            0x08005cf8        0x8
                0x08005cf8                        . = ALIGN (0x4)
                0x08005cf8                        __exidx_start = .
 *(.ARM.exidx*)
 .ARM.exidx     0x08005cf8        0x8 C:/ST/STM32CubeIDE_1.19.0/STM32CubeIDE/plugins/com.st.stm32cube.ide.mcu.externaltools.gnu-tools-for-stm32.13.3.rel1.win32_1.0.0.202411081344/tools/bin/../lib/gcc/arm-none-eabi/13.3.1/../../../../arm-none-eabi/lib/thumb/v7e-m+fp/hard\libc_nano.a(libc_a-memchr.o)
 .ARM.exidx     0x08005d00        0x0 C:/ST/STM32CubeIDE_1.19.0/STM32CubeIDE/plugins/com.st.stm32cube.ide.mcu.externaltools.gnu-tools-for-stm32.13.3.rel1.win32_1.0.0.202411081344/tools/bin/../lib/gcc/arm-none-eabi/13.3.1/thumb/v7e-m+fp/hard\libgcc.a(_udivmoddi4.o)
                                  0x8 (size before relaxing)
                0x08005d00                        __exidx_end = .
                0x08005d00                        . = ALIGN (0x4)

.preinit_array  0x08005d00        0x0
                0x08005d00                        . = ALIGN (0x4)
                0x08005d00                        PROVIDE (__preinit_array_start = .)
 *(.preinit_array*)
                0x08005d00                        PROVIDE (__preinit_array_end = .)
                0x08005d00                        . = ALIGN (0x4)

.init_array     0x08005d00        0x4
                0x08005d00                        . = ALIGN (0x4)
                0x08005d00                        PROVIDE (__init_array_start = .)
 *(SORT_BY_NAME(.init_array.*))
 *(.init_array*)
 .init_array    0x08005d00        0x4 C:/ST/STM32CubeIDE_1.19.0/STM32CubeIDE/plugins/com.st.stm32cube.ide.mcu.externaltools.gnu-tools-for-stm32.13.3.rel1.win32_1.0.0.202411081344/tools/bin/../lib/gcc/arm-none-eabi/13.3.1/thumb/v7e-m+fp/hard/crtbegin.o
                0x08005d04                        PROVIDE (__init_array_end = .)
                0x08005d04                        . = ALIGN (0x4)

.fini_array     0x08005d04        0x4
                0x08005d04                        . = ALIGN (0x4)
                [!provide]                        PROVIDE (__fini_array_start = .)
 *(SORT_BY_NAME(.fini_array.*))
 *(.fini_array*)
 .fini_array    0x08005d04        0x4 C:/ST/STM32CubeIDE_1.19.0/STM32CubeIDE/plugins/com.st.stm32cube.ide.mcu.externaltools.gnu-tools-for-stm32.13.3.rel1.win32_1.0.0.202411081344/tools/bin/../lib/gcc/arm-none-eabi/13.3.1/thumb/v7e-m+fp/hard/crtbegin.o
                [!provide]                        PROVIDE (__fini_array_end = .)
                0x08005d08                        . = ALIGN (0x4)
                0x08005d08                        _sidata = LOADADDR (.data)

.rel.dyn        0x08005d08        0x0
 .rel.iplt      0x08005d08        0x0 C:/ST/STM32CubeIDE_1.19.0/STM32CubeIDE/plugins/com.st.stm32cube.ide.mcu.externaltools.gnu-tools-for-stm32.13.3.rel1.win32_1.0.0.202411081344/tools/bin/../lib/gcc/arm-none-eabi/13.3.1/thumb/v7e-m+fp/hard/crtbegin.o

.data           0x20000000       0x6c load address 0x08005d08
                0x20000000                        . = ALIGN (0x4)
                0x20000000                        _sdata = .
 *(.data)
 *(.data*)
 .data.SystemCoreClock
                0x20000000        0x4 ./Core/Src/system_stm32f4xx.o
                0x20000000                SystemCoreClock
 .data.uwTickPrio
                0x20000004        0x4 ./Drivers/STM32F4xx_HAL_Driver/Src/stm32f4xx_hal.o
                0x20000004                uwTickPrio
 .data.uwTickFreq
                0x20000008        0x1 ./Drivers/STM32F4xx_HAL_Driver/Src/stm32f4xx_hal.o
                0x20000008                uwTickFreq
 *fill*         0x20000009        0x3 
 .data.uxCriticalNesting
                0x2000000c        0x4 ./Thirdparty/FreeRTOS/portable/GCC/ARM_CM4F/port.o
 .data.__sglue  0x20000010        0xc C:/ST/STM32CubeIDE_1.19.0/STM32CubeIDE/plugins/com.st.stm32cube.ide.mcu.externaltools.gnu-tools-for-stm32.13.3.rel1.win32_1.0.0.202411081344/tools/bin/../lib/gcc/arm-none-eabi/13.3.1/../../../../arm-none-eabi/lib/thumb/v7e-m+fp/hard\libc_nano.a(libc_a-findfp.o)
                0x20000010                __sglue
 .data._impure_ptr
                0x2000001c        0x4 C:/ST/STM32CubeIDE_1.19.0/STM32CubeIDE/plugins/com.st.stm32cube.ide.mcu.externaltools.gnu-tools-for-stm32.13.3.rel1.win32_1.0.0.202411081344/tools/bin/../lib/gcc/arm-none-eabi/13.3.1/../../../../arm-none-eabi/lib/thumb/v7e-m+fp/hard\libc_nano.a(libc_a-impure.o)
                0x2000001c                _impure_ptr
 .data._impure_data
                0x20000020       0x4c C:/ST/STM32CubeIDE_1.19.0/STM32CubeIDE/plugins/com.st.stm32cube.ide.mcu.externaltools.gnu-tools-for-stm32.13.3.rel1.win32_1.0.0.202411081344/tools/bin/../lib/gcc/arm-none-eabi/13.3.1/../../../../arm-none-eabi/lib/thumb/v7e-m+fp/hard\libc_nano.a(libc_a-impure.o)
                0x20000020                _impure_data
 *(.RamFunc)
 *(.RamFunc*)
                0x2000006c                        . = ALIGN (0x4)
                0x2000006c                        _edata = .

.igot.plt       0x2000006c        0x0 load address 0x08005d74
 .igot.plt      0x2000006c        0x0 C:/ST/STM32CubeIDE_1.19.0/STM32CubeIDE/plugins/com.st.stm32cube.ide.mcu.externaltools.gnu-tools-for-stm32.13.3.rel1.win32_1.0.0.202411081344/tools/bin/../lib/gcc/arm-none-eabi/13.3.1/thumb/v7e-m+fp/hard/crtbegin.o
                0x2000006c                        . = ALIGN (0x4)

.bss            0x2000006c    0x12fa4 load address 0x08005d74
                0x2000006c                        _sbss = .
                0x2000006c                        __bss_start__ = _sbss
 *(.bss)
 .bss           0x2000006c       0x1c C:/ST/STM32CubeIDE_1.19.0/STM32CubeIDE/plugins/com.st.stm32cube.ide.mcu.externaltools.gnu-tools-for-stm32.13.3.rel1.win32_1.0.0.202411081344/tools/bin/../lib/gcc/arm-none-eabi/13.3.1/thumb/v7e-m+fp/hard/crtbegin.o
 *(.bss*)
 .bss.huart2    0x20000088       0x48 ./Core/Src/main.o
                0x20000088                huart2
 .bss.htim4     0x200000d0       0x48 ./Core/Src/stm32f4xx_hal_timebase_tim.o
                0x200000d0                htim4
 .bss.__sbrk_heap_end
                0x20000118        0x4 ./Core/Src/sysmem.o
 .bss.uwTick    0x2000011c        0x4 ./Drivers/STM32F4xx_HAL_Driver/Src/stm32f4xx_hal.o
                0x2000011c                uwTick
 .bss.xQueueRegistry
                0x20000120       0x40 ./Thirdparty/FreeRTOS/queue.o
                0x20000120                xQueueRegistry
 .bss.pxCurrentTCB
                0x20000160        0x4 ./Thirdparty/FreeRTOS/tasks.o
                0x20000160                pxCurrentTCB
 .bss.pxReadyTasksLists
                0x20000164       0x64 ./Thirdparty/FreeRTOS/tasks.o
 .bss.xDelayedTaskList1
                0x200001c8       0x14 ./Thirdparty/FreeRTOS/tasks.o
 .bss.xDelayedTaskList2
                0x200001dc       0x14 ./Thirdparty/FreeRTOS/tasks.o
 .bss.pxDelayedTaskList
                0x200001f0        0x4 ./Thirdparty/FreeRTOS/tasks.o
 .bss.pxOverflowDelayedTaskList
                0x200001f4        0x4 ./Thirdparty/FreeRTOS/tasks.o
 .bss.xPendingReadyList
                0x200001f8       0x14 ./Thirdparty/FreeRTOS/tasks.o
 .bss.xTasksWaitingTermination
                0x2000020c       0x14 ./Thirdparty/FreeRTOS/tasks.o
 .bss.uxDeletedTasksWaitingCleanUp
                0x20000220        0x4 ./Thirdparty/FreeRTOS/tasks.o
 .bss.xSuspendedTaskList
                0x20000224       0x14 ./Thirdparty/FreeRTOS/tasks.o
 .bss.uxCurrentNumberOfTasks
                0x20000238        0x4 ./Thirdparty/FreeRTOS/tasks.o
 .bss.xTickCount
                0x2000023c        0x4 ./Thirdparty/FreeRTOS/tasks.o
 .bss.uxTopReadyPriority
                0x20000240        0x4 ./Thirdparty/FreeRTOS/tasks.o
 .bss.xSchedulerRunning
                0x20000244        0x4 ./Thirdparty/FreeRTOS/tasks.o
 .bss.xPendedTicks
                0x20000248        0x4 ./Thirdparty/FreeRTOS/tasks.o
 .bss.xYieldPendings
                0x2000024c        0x4 ./Thirdparty/FreeRTOS/tasks.o
 .bss.xNumOfOverflows
                0x20000250        0x4 ./Thirdparty/FreeRTOS/tasks.o
 .bss.uxTaskNumber
                0x20000254        0x4 ./Thirdparty/FreeRTOS/tasks.o
 .bss.xNextTaskUnblockTime
                0x20000258        0x4 ./Thirdparty/FreeRTOS/tasks.o
 .bss.xIdleTaskHandles
                0x2000025c        0x4 ./Thirdparty/FreeRTOS/tasks.o
 .bss.uxSchedulerSuspended
                0x20000260        0x4 ./Thirdparty/FreeRTOS/tasks.o
 .bss.xActiveTimerList1
                0x20000264       0x14 ./Thirdparty/FreeRTOS/timers.o
 .bss.xActiveTimerList2
                0x20000278       0x14 ./Thirdparty/FreeRTOS/timers.o
 .bss.pxCurrentTimerList
                0x2000028c        0x4 ./Thirdparty/FreeRTOS/timers.o
 .bss.pxOverflowTimerList
                0x20000290        0x4 ./Thirdparty/FreeRTOS/timers.o
 .bss.xTimerQueue
                0x20000294        0x4 ./Thirdparty/FreeRTOS/timers.o
 .bss.xTimerTaskHandle
                0x20000298        0x4 ./Thirdparty/FreeRTOS/timers.o
 .bss.xLastTime.0
                0x2000029c        0x4 ./Thirdparty/FreeRTOS/timers.o
 .bss.ucMaxSysCallPriority
                0x200002a0        0x1 ./Thirdparty/FreeRTOS/portable/GCC/ARM_CM4F/port.o
 *fill*         0x200002a1        0x3 
 .bss.ulMaxPRIGROUPValue
                0x200002a4        0x4 ./Thirdparty/FreeRTOS/portable/GCC/ARM_CM4F/port.o
 .bss.ucHeap    0x200002a8    0x12c00 ./Thirdparty/FreeRTOS/portable/MemMang/heap_4.o
 .bss.xStart    0x20012ea8        0x8 ./Thirdparty/FreeRTOS/portable/MemMang/heap_4.o
 .bss.pxEnd     0x20012eb0        0x4 ./Thirdparty/FreeRTOS/portable/MemMang/heap_4.o
 .bss.xFreeBytesRemaining
                0x20012eb4        0x4 ./Thirdparty/FreeRTOS/portable/MemMang/heap_4.o
 .bss.xMinimumEverFreeBytesRemaining
                0x20012eb8        0x4 ./Thirdparty/FreeRTOS/portable/MemMang/heap_4.o
 .bss.xNumberOfSuccessfulAllocations
                0x20012ebc        0x4 ./Thirdparty/FreeRTOS/portable/MemMang/heap_4.o
 .bss.xNumberOfSuccessfulFrees
                0x20012ec0        0x4 ./Thirdparty/FreeRTOS/portable/MemMang/heap_4.o
 .bss.__sf      0x20012ec4      0x138 C:/ST/STM32CubeIDE_1.19.0/STM32CubeIDE/plugins/com.st.stm32cube.ide.mcu.externaltools.gnu-tools-for-stm32.13.3.rel1.win32_1.0.0.202411081344/tools/bin/../lib/gcc/arm-none-eabi/13.3.1/../../../../arm-none-eabi/lib/thumb/v7e-m+fp/hard\libc_nano.a(libc_a-findfp.o)
                0x20012ec4                __sf
 .bss.__stdio_exit_handler
                0x20012ffc        0x4 C:/ST/STM32CubeIDE_1.19.0/STM32CubeIDE/plugins/com.st.stm32cube.ide.mcu.externaltools.gnu-tools-for-stm32.13.3.rel1.win32_1.0.0.202411081344/tools/bin/../lib/gcc/arm-none-eabi/13.3.1/../../../../arm-none-eabi/lib/thumb/v7e-m+fp/hard\libc_nano.a(libc_a-findfp.o)
                0x20012ffc                __stdio_exit_handler
 .bss.errno     0x20013000        0x4 C:/ST/STM32CubeIDE_1.19.0/STM32CubeIDE/plugins/com.st.stm32cube.ide.mcu.externaltools.gnu-tools-for-stm32.13.3.rel1.win32_1.0.0.202411081344/tools/bin/../lib/gcc/arm-none-eabi/13.3.1/../../../../arm-none-eabi/lib/thumb/v7e-m+fp/hard\libc_nano.a(libc_a-reent.o)
                0x20013000                errno
 .bss.__lock___malloc_recursive_mutex
                0x20013004        0x1 C:/ST/STM32CubeIDE_1.19.0/STM32CubeIDE/plugins/com.st.stm32cube.ide.mcu.externaltools.gnu-tools-for-stm32.13.3.rel1.win32_1.0.0.202411081344/tools/bin/../lib/gcc/arm-none-eabi/13.3.1/../../../../arm-none-eabi/lib/thumb/v7e-m+fp/hard\libc_nano.a(libc_a-lock.o)
                0x20013004                __lock___malloc_recursive_mutex
 .bss.__lock___sfp_recursive_mutex
                0x20013005        0x1 C:/ST/STM32CubeIDE_1.19.0/STM32CubeIDE/plugins/com.st.stm32cube.ide.mcu.externaltools.gnu-tools-for-stm32.13.3.rel1.win32_1.0.0.202411081344/tools/bin/../lib/gcc/arm-none-eabi/13.3.1/../../../../arm-none-eabi/lib/thumb/v7e-m+fp/hard\libc_nano.a(libc_a-lock.o)
                0x20013005                __lock___sfp_recursive_mutex
 *fill*         0x20013006        0x2 
 .bss.__malloc_sbrk_start
                0x20013008        0x4 C:/ST/STM32CubeIDE_1.19.0/STM32CubeIDE/plugins/com.st.stm32cube.ide.mcu.externaltools.gnu-tools-for-stm32.13.3.rel1.win32_1.0.0.202411081344/tools/bin/../lib/gcc/arm-none-eabi/13.3.1/../../../../arm-none-eabi/lib/thumb/v7e-m+fp/hard\libc_nano.a(libc_a-mallocr.o)
                0x20013008                __malloc_sbrk_start
 .bss.__malloc_free_list
                0x2001300c        0x4 C:/ST/STM32CubeIDE_1.19.0/STM32CubeIDE/plugins/com.st.stm32cube.ide.mcu.externaltools.gnu-tools-for-stm32.13.3.rel1.win32_1.0.0.202411081344/tools/bin/../lib/gcc/arm-none-eabi/13.3.1/../../../../arm-none-eabi/lib/thumb/v7e-m+fp/hard\libc_nano.a(libc_a-mallocr.o)
                0x2001300c                __malloc_free_list
 *(COMMON)
                0x20013010                        . = ALIGN (0x4)
                0x20013010                        _ebss = .
                0x20013010                        __bss_end__ = _ebss

._user_heap_stack
                0x20013010      0x600 load address 0x08005d74
                0x20013010                        . = ALIGN (0x8)
                [!provide]                        PROVIDE (end = .)
                0x20013010                        PROVIDE (_end = .)
                0x20013210                        . = (. + _Min_Heap_Size)
 *fill*         0x20013010      0x200 
                0x20013610                        . = (. + _Min_Stack_Size)
 *fill*         0x20013210      0x400 
                0x20013610                        . = ALIGN (0x8)

/DISCARD/
 libc.a(*)
 libm.a(*)
 libgcc.a(*)

.ARM.attributes
                0x00000000       0x30
 *(.ARM.attributes)
 .ARM.attributes
                0x00000000       0x22 C:/ST/STM32CubeIDE_1.19.0/STM32CubeIDE/plugins/com.st.stm32cube.ide.mcu.externaltools.gnu-tools-for-stm32.13.3.rel1.win32_1.0.0.202411081344/tools/bin/../lib/gcc/arm-none-eabi/13.3.1/thumb/v7e-m+fp/hard/crti.o
 .ARM.attributes
                0x00000022       0x34 C:/ST/STM32CubeIDE_1.19.0/STM32CubeIDE/plugins/com.st.stm32cube.ide.mcu.externaltools.gnu-tools-for-stm32.13.3.rel1.win32_1.0.0.202411081344/tools/bin/../lib/gcc/arm-none-eabi/13.3.1/thumb/v7e-m+fp/hard/crtbegin.o
 .ARM.attributes
                0x00000056       0x34 ./Core/Src/main.o
 .ARM.attributes
                0x0000008a       0x34 ./Core/Src/stm32f4xx_hal_msp.o
 .ARM.attributes
                0x000000be       0x34 ./Core/Src/stm32f4xx_hal_timebase_tim.o
 .ARM.attributes
                0x000000f2       0x34 ./Core/Src/stm32f4xx_it.o
 .ARM.attributes
                0x00000126       0x34 ./Core/Src/syscalls.o
 .ARM.attributes
                0x0000015a       0x34 ./Core/Src/sysmem.o
 .ARM.attributes
                0x0000018e       0x34 ./Core/Src/system_stm32f4xx.o
 .ARM.attributes
                0x000001c2       0x21 ./Core/Startup/startup_stm32f401retx.o
 .ARM.attributes
                0x000001e3       0x34 ./Drivers/STM32F4xx_HAL_Driver/Src/stm32f4xx_hal.o
 .ARM.attributes
                0x00000217       0x34 ./Drivers/STM32F4xx_HAL_Driver/Src/stm32f4xx_hal_cortex.o
 .ARM.attributes
                0x0000024b       0x34 ./Drivers/STM32F4xx_HAL_Driver/Src/stm32f4xx_hal_gpio.o
 .ARM.attributes
                0x0000027f       0x34 ./Drivers/STM32F4xx_HAL_Driver/Src/stm32f4xx_hal_rcc.o
 .ARM.attributes
                0x000002b3       0x34 ./Drivers/STM32F4xx_HAL_Driver/Src/stm32f4xx_hal_tim.o
 .ARM.attributes
                0x000002e7       0x34 ./Drivers/STM32F4xx_HAL_Driver/Src/stm32f4xx_hal_tim_ex.o
 .ARM.attributes
                0x0000031b       0x34 ./Drivers/STM32F4xx_HAL_Driver/Src/stm32f4xx_hal_uart.o
 .ARM.attributes
                0x0000034f       0x34 ./Thirdparty/FreeRTOS/list.o
 .ARM.attributes
                0x00000383       0x34 ./Thirdparty/FreeRTOS/queue.o
 .ARM.attributes
                0x000003b7       0x34 ./Thirdparty/FreeRTOS/tasks.o
 .ARM.attributes
                0x000003eb       0x34 ./Thirdparty/FreeRTOS/timers.o
 .ARM.attributes
                0x0000041f       0x34 ./Thirdparty/FreeRTOS/portable/GCC/ARM_CM4F/port.o
 .ARM.attributes
                0x00000453       0x34 ./Thirdparty/FreeRTOS/portable/MemMang/heap_4.o
 .ARM.attributes
                0x00000487       0x34 C:/ST/STM32CubeIDE_1.19.0/STM32CubeIDE/plugins/com.st.stm32cube.ide.mcu.externaltools.gnu-tools-for-stm32.13.3.rel1.win32_1.0.0.202411081344/tools/bin/../lib/gcc/arm-none-eabi/13.3.1/../../../../arm-none-eabi/lib/thumb/v7e-m+fp/hard\libc_nano.a(libc_a-findfp.o)
 .ARM.attributes
                0x000004bb       0x34 C:/ST/STM32CubeIDE_1.19.0/STM32CubeIDE/plugins/com.st.stm32cube.ide.mcu.externaltools.gnu-tools-for-stm32.13.3.rel1.win32_1.0.0.202411081344/tools/bin/../lib/gcc/arm-none-eabi/13.3.1/../../../../arm-none-eabi/lib/thumb/v7e-m+fp/hard\libc_nano.a(libc_a-fwalk.o)
 .ARM.attributes
                0x000004ef       0x34 C:/ST/STM32CubeIDE_1.19.0/STM32CubeIDE/plugins/com.st.stm32cube.ide.mcu.externaltools.gnu-tools-for-stm32.13.3.rel1.win32_1.0.0.202411081344/tools/bin/../lib/gcc/arm-none-eabi/13.3.1/../../../../arm-none-eabi/lib/thumb/v7e-m+fp/hard\libc_nano.a(libc_a-printf.o)
 .ARM.attributes
                0x00000523       0x34 C:/ST/STM32CubeIDE_1.19.0/STM32CubeIDE/plugins/com.st.stm32cube.ide.mcu.externaltools.gnu-tools-for-stm32.13.3.rel1.win32_1.0.0.202411081344/tools/bin/../lib/gcc/arm-none-eabi/13.3.1/../../../../arm-none-eabi/lib/thumb/v7e-m+fp/hard\libc_nano.a(libc_a-stdio.o)
 .ARM.attributes
                0x00000557       0x34 C:/ST/STM32CubeIDE_1.19.0/STM32CubeIDE/plugins/com.st.stm32cube.ide.mcu.externaltools.gnu-tools-for-stm32.13.3.rel1.win32_1.0.0.202411081344/tools/bin/../lib/gcc/arm-none-eabi/13.3.1/../../../../arm-none-eabi/lib/thumb/v7e-m+fp/hard\libc_nano.a(libc_a-memset.o)
 .ARM.attributes
                0x0000058b       0x34 C:/ST/STM32CubeIDE_1.19.0/STM32CubeIDE/plugins/com.st.stm32cube.ide.mcu.externaltools.gnu-tools-for-stm32.13.3.rel1.win32_1.0.0.202411081344/tools/bin/../lib/gcc/arm-none-eabi/13.3.1/../../../../arm-none-eabi/lib/thumb/v7e-m+fp/hard\libc_nano.a(libc_a-closer.o)
 .ARM.attributes
                0x000005bf       0x34 C:/ST/STM32CubeIDE_1.19.0/STM32CubeIDE/plugins/com.st.stm32cube.ide.mcu.externaltools.gnu-tools-for-stm32.13.3.rel1.win32_1.0.0.202411081344/tools/bin/../lib/gcc/arm-none-eabi/13.3.1/../../../../arm-none-eabi/lib/thumb/v7e-m+fp/hard\libc_nano.a(libc_a-reent.o)
 .ARM.attributes
                0x000005f3       0x34 C:/ST/STM32CubeIDE_1.19.0/STM32CubeIDE/plugins/com.st.stm32cube.ide.mcu.externaltools.gnu-tools-for-stm32.13.3.rel1.win32_1.0.0.202411081344/tools/bin/../lib/gcc/arm-none-eabi/13.3.1/../../../../arm-none-eabi/lib/thumb/v7e-m+fp/hard\libc_nano.a(libc_a-impure.o)
 .ARM.attributes
                0x00000627       0x34 C:/ST/STM32CubeIDE_1.19.0/STM32CubeIDE/plugins/com.st.stm32cube.ide.mcu.externaltools.gnu-tools-for-stm32.13.3.rel1.win32_1.0.0.202411081344/tools/bin/../lib/gcc/arm-none-eabi/13.3.1/../../../../arm-none-eabi/lib/thumb/v7e-m+fp/hard\libc_nano.a(libc_a-lseekr.o)
 .ARM.attributes
                0x0000065b       0x34 C:/ST/STM32CubeIDE_1.19.0/STM32CubeIDE/plugins/com.st.stm32cube.ide.mcu.externaltools.gnu-tools-for-stm32.13.3.rel1.win32_1.0.0.202411081344/tools/bin/../lib/gcc/arm-none-eabi/13.3.1/../../../../arm-none-eabi/lib/thumb/v7e-m+fp/hard\libc_nano.a(libc_a-readr.o)
 .ARM.attributes
                0x0000068f       0x34 C:/ST/STM32CubeIDE_1.19.0/STM32CubeIDE/plugins/com.st.stm32cube.ide.mcu.externaltools.gnu-tools-for-stm32.13.3.rel1.win32_1.0.0.202411081344/tools/bin/../lib/gcc/arm-none-eabi/13.3.1/../../../../arm-none-eabi/lib/thumb/v7e-m+fp/hard\libc_nano.a(libc_a-writer.o)
 .ARM.attributes
                0x000006c3       0x34 C:/ST/STM32CubeIDE_1.19.0/STM32CubeIDE/plugins/com.st.stm32cube.ide.mcu.externaltools.gnu-tools-for-stm32.13.3.rel1.win32_1.0.0.202411081344/tools/bin/../lib/gcc/arm-none-eabi/13.3.1/../../../../arm-none-eabi/lib/thumb/v7e-m+fp/hard\libc_nano.a(libc_a-errno.o)
 .ARM.attributes
                0x000006f7       0x34 C:/ST/STM32CubeIDE_1.19.0/STM32CubeIDE/plugins/com.st.stm32cube.ide.mcu.externaltools.gnu-tools-for-stm32.13.3.rel1.win32_1.0.0.202411081344/tools/bin/../lib/gcc/arm-none-eabi/13.3.1/../../../../arm-none-eabi/lib/thumb/v7e-m+fp/hard\libc_nano.a(libc_a-init.o)
 .ARM.attributes
                0x0000072b       0x34 C:/ST/STM32CubeIDE_1.19.0/STM32CubeIDE/plugins/com.st.stm32cube.ide.mcu.externaltools.gnu-tools-for-stm32.13.3.rel1.win32_1.0.0.202411081344/tools/bin/../lib/gcc/arm-none-eabi/13.3.1/../../../../arm-none-eabi/lib/thumb/v7e-m+fp/hard\libc_nano.a(libc_a-lock.o)
 .ARM.attributes
                0x0000075f       0x34 C:/ST/STM32CubeIDE_1.19.0/STM32CubeIDE/plugins/com.st.stm32cube.ide.mcu.externaltools.gnu-tools-for-stm32.13.3.rel1.win32_1.0.0.202411081344/tools/bin/../lib/gcc/arm-none-eabi/13.3.1/../../../../arm-none-eabi/lib/thumb/v7e-m+fp/hard\libc_nano.a(libc_a-memcpy-stub.o)
 .ARM.attributes
                0x00000793       0x34 C:/ST/STM32CubeIDE_1.19.0/STM32CubeIDE/plugins/com.st.stm32cube.ide.mcu.externaltools.gnu-tools-for-stm32.13.3.rel1.win32_1.0.0.202411081344/tools/bin/../lib/gcc/arm-none-eabi/13.3.1/../../../../arm-none-eabi/lib/thumb/v7e-m+fp/hard\libc_nano.a(libc_a-freer.o)
 .ARM.attributes
                0x000007c7       0x34 C:/ST/STM32CubeIDE_1.19.0/STM32CubeIDE/plugins/com.st.stm32cube.ide.mcu.externaltools.gnu-tools-for-stm32.13.3.rel1.win32_1.0.0.202411081344/tools/bin/../lib/gcc/arm-none-eabi/13.3.1/../../../../arm-none-eabi/lib/thumb/v7e-m+fp/hard\libc_nano.a(libc_a-mallocr.o)
 .ARM.attributes
                0x000007fb       0x34 C:/ST/STM32CubeIDE_1.19.0/STM32CubeIDE/plugins/com.st.stm32cube.ide.mcu.externaltools.gnu-tools-for-stm32.13.3.rel1.win32_1.0.0.202411081344/tools/bin/../lib/gcc/arm-none-eabi/13.3.1/../../../../arm-none-eabi/lib/thumb/v7e-m+fp/hard\libc_nano.a(libc_a-mlock.o)
 .ARM.attributes
                0x0000082f       0x34 C:/ST/STM32CubeIDE_1.19.0/STM32CubeIDE/plugins/com.st.stm32cube.ide.mcu.externaltools.gnu-tools-for-stm32.13.3.rel1.win32_1.0.0.202411081344/tools/bin/../lib/gcc/arm-none-eabi/13.3.1/../../../../arm-none-eabi/lib/thumb/v7e-m+fp/hard\libc_nano.a(libc_a-nano-vfprintf.o)
 .ARM.attributes
                0x00000863       0x34 C:/ST/STM32CubeIDE_1.19.0/STM32CubeIDE/plugins/com.st.stm32cube.ide.mcu.externaltools.gnu-tools-for-stm32.13.3.rel1.win32_1.0.0.202411081344/tools/bin/../lib/gcc/arm-none-eabi/13.3.1/../../../../arm-none-eabi/lib/thumb/v7e-m+fp/hard\libc_nano.a(libc_a-nano-vfprintf_i.o)
 .ARM.attributes
                0x00000897       0x34 C:/ST/STM32CubeIDE_1.19.0/STM32CubeIDE/plugins/com.st.stm32cube.ide.mcu.externaltools.gnu-tools-for-stm32.13.3.rel1.win32_1.0.0.202411081344/tools/bin/../lib/gcc/arm-none-eabi/13.3.1/../../../../arm-none-eabi/lib/thumb/v7e-m+fp/hard\libc_nano.a(libc_a-fflush.o)
 .ARM.attributes
                0x000008cb       0x34 C:/ST/STM32CubeIDE_1.19.0/STM32CubeIDE/plugins/com.st.stm32cube.ide.mcu.externaltools.gnu-tools-for-stm32.13.3.rel1.win32_1.0.0.202411081344/tools/bin/../lib/gcc/arm-none-eabi/13.3.1/../../../../arm-none-eabi/lib/thumb/v7e-m+fp/hard\libc_nano.a(libc_a-wbuf.o)
 .ARM.attributes
                0x000008ff       0x34 C:/ST/STM32CubeIDE_1.19.0/STM32CubeIDE/plugins/com.st.stm32cube.ide.mcu.externaltools.gnu-tools-for-stm32.13.3.rel1.win32_1.0.0.202411081344/tools/bin/../lib/gcc/arm-none-eabi/13.3.1/../../../../arm-none-eabi/lib/thumb/v7e-m+fp/hard\libc_nano.a(libc_a-wsetup.o)
 .ARM.attributes
                0x00000933       0x34 C:/ST/STM32CubeIDE_1.19.0/STM32CubeIDE/plugins/com.st.stm32cube.ide.mcu.externaltools.gnu-tools-for-stm32.13.3.rel1.win32_1.0.0.202411081344/tools/bin/../lib/gcc/arm-none-eabi/13.3.1/../../../../arm-none-eabi/lib/thumb/v7e-m+fp/hard\libc_nano.a(libc_a-sbrkr.o)
 .ARM.attributes
                0x00000967       0x1c C:/ST/STM32CubeIDE_1.19.0/STM32CubeIDE/plugins/com.st.stm32cube.ide.mcu.externaltools.gnu-tools-for-stm32.13.3.rel1.win32_1.0.0.202411081344/tools/bin/../lib/gcc/arm-none-eabi/13.3.1/../../../../arm-none-eabi/lib/thumb/v7e-m+fp/hard\libc_nano.a(libc_a-memchr.o)
 .ARM.attributes
                0x00000983       0x34 C:/ST/STM32CubeIDE_1.19.0/STM32CubeIDE/plugins/com.st.stm32cube.ide.mcu.externaltools.gnu-tools-for-stm32.13.3.rel1.win32_1.0.0.202411081344/tools/bin/../lib/gcc/arm-none-eabi/13.3.1/../../../../arm-none-eabi/lib/thumb/v7e-m+fp/hard\libc_nano.a(libc_a-makebuf.o)
 .ARM.attributes
                0x000009b7       0x34 C:/ST/STM32CubeIDE_1.19.0/STM32CubeIDE/plugins/com.st.stm32cube.ide.mcu.externaltools.gnu-tools-for-stm32.13.3.rel1.win32_1.0.0.202411081344/tools/bin/../lib/gcc/arm-none-eabi/13.3.1/../../../../arm-none-eabi/lib/thumb/v7e-m+fp/hard\libc_nano.a(libc_a-fstatr.o)
 .ARM.attributes
                0x000009eb       0x34 C:/ST/STM32CubeIDE_1.19.0/STM32CubeIDE/plugins/com.st.stm32cube.ide.mcu.externaltools.gnu-tools-for-stm32.13.3.rel1.win32_1.0.0.202411081344/tools/bin/../lib/gcc/arm-none-eabi/13.3.1/../../../../arm-none-eabi/lib/thumb/v7e-m+fp/hard\libc_nano.a(libc_a-isattyr.o)
 .ARM.attributes
                0x00000a1f       0x22 C:/ST/STM32CubeIDE_1.19.0/STM32CubeIDE/plugins/com.st.stm32cube.ide.mcu.externaltools.gnu-tools-for-stm32.13.3.rel1.win32_1.0.0.202411081344/tools/bin/../lib/gcc/arm-none-eabi/13.3.1/thumb/v7e-m+fp/hard\libgcc.a(_aeabi_uldivmod.o)
 .ARM.attributes
                0x00000a41       0x34 C:/ST/STM32CubeIDE_1.19.0/STM32CubeIDE/plugins/com.st.stm32cube.ide.mcu.externaltools.gnu-tools-for-stm32.13.3.rel1.win32_1.0.0.202411081344/tools/bin/../lib/gcc/arm-none-eabi/13.3.1/thumb/v7e-m+fp/hard\libgcc.a(_udivmoddi4.o)
 .ARM.attributes
                0x00000a75       0x22 C:/ST/STM32CubeIDE_1.19.0/STM32CubeIDE/plugins/com.st.stm32cube.ide.mcu.externaltools.gnu-tools-for-stm32.13.3.rel1.win32_1.0.0.202411081344/tools/bin/../lib/gcc/arm-none-eabi/13.3.1/thumb/v7e-m+fp/hard\libgcc.a(_dvmd_tls.o)
 .ARM.attributes
                0x00000a97       0x22 C:/ST/STM32CubeIDE_1.19.0/STM32CubeIDE/plugins/com.st.stm32cube.ide.mcu.externaltools.gnu-tools-for-stm32.13.3.rel1.win32_1.0.0.202411081344/tools/bin/../lib/gcc/arm-none-eabi/13.3.1/thumb/v7e-m+fp/hard/crtn.o
OUTPUT(RTOS1.elf elf32-littlearm)
LOAD linker stubs
LOAD C:/ST/STM32CubeIDE_1.19.0/STM32CubeIDE/plugins/com.st.stm32cube.ide.mcu.externaltools.gnu-tools-for-stm32.13.3.rel1.win32_1.0.0.202411081344/tools/bin/../lib/gcc/arm-none-eabi/13.3.1/../../../../arm-none-eabi/lib/thumb/v7e-m+fp/hard\libc.a
LOAD C:/ST/STM32CubeIDE_1.19.0/STM32CubeIDE/plugins/com.st.stm32cube.ide.mcu.externaltools.gnu-tools-for-stm32.13.3.rel1.win32_1.0.0.202411081344/tools/bin/../lib/gcc/arm-none-eabi/13.3.1/../../../../arm-none-eabi/lib/thumb/v7e-m+fp/hard\libm.a
LOAD C:/ST/STM32CubeIDE_1.19.0/STM32CubeIDE/plugins/com.st.stm32cube.ide.mcu.externaltools.gnu-tools-for-stm32.13.3.rel1.win32_1.0.0.202411081344/tools/bin/../lib/gcc/arm-none-eabi/13.3.1/thumb/v7e-m+fp/hard\libgcc.a

.debug_info     0x00000000    0x12bbb
 .debug_info    0x00000000     0x119d ./Core/Src/main.o
 .debug_info    0x0000119d      0x91a ./Core/Src/stm32f4xx_hal_msp.o
 .debug_info    0x00001ab7      0xb7d ./Core/Src/stm32f4xx_hal_timebase_tim.o
 .debug_info    0x00002634      0x6a4 ./Core/Src/stm32f4xx_it.o
 .debug_info    0x00002cd8      0x6d1 ./Core/Src/syscalls.o
 .debug_info    0x000033a9      0x168 ./Core/Src/sysmem.o
 .debug_info    0x00003511      0x53e ./Core/Src/system_stm32f4xx.o
 .debug_info    0x00003a4f       0x30 ./Core/Startup/startup_stm32f401retx.o
 .debug_info    0x00003a7f      0x8bb ./Drivers/STM32F4xx_HAL_Driver/Src/stm32f4xx_hal.o
 .debug_info    0x0000433a      0xcf6 ./Drivers/STM32F4xx_HAL_Driver/Src/stm32f4xx_hal_cortex.o
 .debug_info    0x00005030      0x6f9 ./Drivers/STM32F4xx_HAL_Driver/Src/stm32f4xx_hal_gpio.o
 .debug_info    0x00005729      0x905 ./Drivers/STM32F4xx_HAL_Driver/Src/stm32f4xx_hal_rcc.o
 .debug_info    0x0000602e     0x2996 ./Drivers/STM32F4xx_HAL_Driver/Src/stm32f4xx_hal_tim.o
 .debug_info    0x000089c4     0x14d4 ./Drivers/STM32F4xx_HAL_Driver/Src/stm32f4xx_hal_tim_ex.o
 .debug_info    0x00009e98     0x2f56 ./Drivers/STM32F4xx_HAL_Driver/Src/stm32f4xx_hal_uart.o
 .debug_info    0x0000cdee      0x2aa ./Thirdparty/FreeRTOS/list.o
 .debug_info    0x0000d098     0x1865 ./Thirdparty/FreeRTOS/queue.o
 .debug_info    0x0000e8fd     0x2883 ./Thirdparty/FreeRTOS/tasks.o
 .debug_info    0x00011180      0xece ./Thirdparty/FreeRTOS/timers.o
 .debug_info    0x0001204e      0x581 ./Thirdparty/FreeRTOS/portable/GCC/ARM_CM4F/port.o
 .debug_info    0x000125cf      0x5ec ./Thirdparty/FreeRTOS/portable/MemMang/heap_4.o

.debug_abbrev   0x00000000     0x2d96
 .debug_abbrev  0x00000000      0x353 ./Core/Src/main.o
 .debug_abbrev  0x00000353      0x1ac ./Core/Src/stm32f4xx_hal_msp.o
 .debug_abbrev  0x000004ff      0x207 ./Core/Src/stm32f4xx_hal_timebase_tim.o
 .debug_abbrev  0x00000706      0x190 ./Core/Src/stm32f4xx_it.o
 .debug_abbrev  0x00000896      0x1b1 ./Core/Src/syscalls.o
 .debug_abbrev  0x00000a47       0xbc ./Core/Src/sysmem.o
 .debug_abbrev  0x00000b03      0x11a ./Core/Src/system_stm32f4xx.o
 .debug_abbrev  0x00000c1d       0x24 ./Core/Startup/startup_stm32f401retx.o
 .debug_abbrev  0x00000c41      0x24b ./Drivers/STM32F4xx_HAL_Driver/Src/stm32f4xx_hal.o
 .debug_abbrev  0x00000e8c      0x31d ./Drivers/STM32F4xx_HAL_Driver/Src/stm32f4xx_hal_cortex.o
 .debug_abbrev  0x000011a9      0x1d3 ./Drivers/STM32F4xx_HAL_Driver/Src/stm32f4xx_hal_gpio.o
 .debug_abbrev  0x0000137c      0x2b6 ./Drivers/STM32F4xx_HAL_Driver/Src/stm32f4xx_hal_rcc.o
 .debug_abbrev  0x00001632      0x28b ./Drivers/STM32F4xx_HAL_Driver/Src/stm32f4xx_hal_tim.o
 .debug_abbrev  0x000018bd      0x296 ./Drivers/STM32F4xx_HAL_Driver/Src/stm32f4xx_hal_tim_ex.o
 .debug_abbrev  0x00001b53      0x31b ./Drivers/STM32F4xx_HAL_Driver/Src/stm32f4xx_hal_uart.o
 .debug_abbrev  0x00001e6e       0xee ./Thirdparty/FreeRTOS/list.o
 .debug_abbrev  0x00001f5c      0x323 ./Thirdparty/FreeRTOS/queue.o
 .debug_abbrev  0x0000227f      0x398 ./Thirdparty/FreeRTOS/tasks.o
 .debug_abbrev  0x00002617      0x2dd ./Thirdparty/FreeRTOS/timers.o
 .debug_abbrev  0x000028f4      0x248 ./Thirdparty/FreeRTOS/portable/GCC/ARM_CM4F/port.o
 .debug_abbrev  0x00002b3c      0x25a ./Thirdparty/FreeRTOS/portable/MemMang/heap_4.o

.debug_aranges  0x00000000     0x1200
 .debug_aranges
                0x00000000       0x60 ./Core/Src/main.o
 .debug_aranges
                0x00000060       0x30 ./Core/Src/stm32f4xx_hal_msp.o
 .debug_aranges
                0x00000090       0x30 ./Core/Src/stm32f4xx_hal_timebase_tim.o
 .debug_aranges
                0x000000c0       0x50 ./Core/Src/stm32f4xx_it.o
 .debug_aranges
                0x00000110       0xb0 ./Core/Src/syscalls.o
 .debug_aranges
                0x000001c0       0x20 ./Core/Src/sysmem.o
 .debug_aranges
                0x000001e0       0x28 ./Core/Src/system_stm32f4xx.o
 .debug_aranges
                0x00000208       0x28 ./Core/Startup/startup_stm32f401retx.o
 .debug_aranges
                0x00000230       0xf0 ./Drivers/STM32F4xx_HAL_Driver/Src/stm32f4xx_hal.o
 .debug_aranges
                0x00000320      0x130 ./Drivers/STM32F4xx_HAL_Driver/Src/stm32f4xx_hal_cortex.o
 .debug_aranges
                0x00000450       0x58 ./Drivers/STM32F4xx_HAL_Driver/Src/stm32f4xx_hal_gpio.o
 .debug_aranges
                0x000004a8       0x88 ./Drivers/STM32F4xx_HAL_Driver/Src/stm32f4xx_hal_rcc.o
 .debug_aranges
                0x00000530      0x3d0 ./Drivers/STM32F4xx_HAL_Driver/Src/stm32f4xx_hal_tim.o
 .debug_aranges
                0x00000900      0x168 ./Drivers/STM32F4xx_HAL_Driver/Src/stm32f4xx_hal_tim_ex.o
 .debug_aranges
                0x00000a68      0x208 ./Drivers/STM32F4xx_HAL_Driver/Src/stm32f4xx_hal_uart.o
 .debug_aranges
                0x00000c70       0x40 ./Thirdparty/FreeRTOS/list.o
 .debug_aranges
                0x00000cb0      0x140 ./Thirdparty/FreeRTOS/queue.o
 .debug_aranges
                0x00000df0      0x228 ./Thirdparty/FreeRTOS/tasks.o
 .debug_aranges
                0x00001018       0xf8 ./Thirdparty/FreeRTOS/timers.o
 .debug_aranges
                0x00001110       0x80 ./Thirdparty/FreeRTOS/portable/GCC/ARM_CM4F/port.o
 .debug_aranges
                0x00001190       0x70 ./Thirdparty/FreeRTOS/portable/MemMang/heap_4.o

.debug_rnglists
                0x00000000      0xe0a
 .debug_rnglists
                0x00000000       0x46 ./Core/Src/main.o
 .debug_rnglists
                0x00000046       0x20 ./Core/Src/stm32f4xx_hal_msp.o
 .debug_rnglists
                0x00000066       0x20 ./Core/Src/stm32f4xx_hal_timebase_tim.o
 .debug_rnglists
                0x00000086       0x37 ./Core/Src/stm32f4xx_it.o
 .debug_rnglists
                0x000000bd       0x7f ./Core/Src/syscalls.o
 .debug_rnglists
                0x0000013c       0x13 ./Core/Src/sysmem.o
 .debug_rnglists
                0x0000014f       0x1a ./Core/Src/system_stm32f4xx.o
 .debug_rnglists
                0x00000169       0x19 ./Core/Startup/startup_stm32f401retx.o
 .debug_rnglists
                0x00000182       0xaf ./Drivers/STM32F4xx_HAL_Driver/Src/stm32f4xx_hal.o
 .debug_rnglists
                0x00000231       0xe0 ./Drivers/STM32F4xx_HAL_Driver/Src/stm32f4xx_hal_cortex.o
 .debug_rnglists
                0x00000311       0x3f ./Drivers/STM32F4xx_HAL_Driver/Src/stm32f4xx_hal_gpio.o
 .debug_rnglists
                0x00000350       0x66 ./Drivers/STM32F4xx_HAL_Driver/Src/stm32f4xx_hal_rcc.o
 .debug_rnglists
                0x000003b6      0x31a ./Drivers/STM32F4xx_HAL_Driver/Src/stm32f4xx_hal_tim.o
 .debug_rnglists
                0x000006d0      0x125 ./Drivers/STM32F4xx_HAL_Driver/Src/stm32f4xx_hal_tim_ex.o
 .debug_rnglists
                0x000007f5      0x1bc ./Drivers/STM32F4xx_HAL_Driver/Src/stm32f4xx_hal_uart.o
 .debug_rnglists
                0x000009b1       0x2b ./Thirdparty/FreeRTOS/list.o
 .debug_rnglists
                0x000009dc       0xf9 ./Thirdparty/FreeRTOS/queue.o
 .debug_rnglists
                0x00000ad5      0x1cb ./Thirdparty/FreeRTOS/tasks.o
 .debug_rnglists
                0x00000ca0       0xb9 ./Thirdparty/FreeRTOS/timers.o
 .debug_rnglists
                0x00000d59       0x5d ./Thirdparty/FreeRTOS/portable/GCC/ARM_CM4F/port.o
 .debug_rnglists
                0x00000db6       0x54 ./Thirdparty/FreeRTOS/portable/MemMang/heap_4.o

.debug_macro    0x00000000    0x19704
 .debug_macro   0x00000000      0x32c ./Core/Src/main.o
 .debug_macro   0x0000032c      0xad8 ./Core/Src/main.o
 .debug_macro   0x00000e04      0x29b ./Core/Src/main.o
 .debug_macro   0x0000109f       0x2e ./Core/Src/main.o
 .debug_macro   0x000010cd       0x28 ./Core/Src/main.o
 .debug_macro   0x000010f5       0x22 ./Core/Src/main.o
 .debug_macro   0x00001117       0x8e ./Core/Src/main.o
 .debug_macro   0x000011a5       0x51 ./Core/Src/main.o
 .debug_macro   0x000011f6      0x103 ./Core/Src/main.o
 .debug_macro   0x000012f9       0x6a ./Core/Src/main.o
 .debug_macro   0x00001363      0x1df ./Core/Src/main.o
 .debug_macro   0x00001542       0x1c ./Core/Src/main.o
 .debug_macro   0x0000155e       0x22 ./Core/Src/main.o
 .debug_macro   0x00001580       0xfb ./Core/Src/main.o
 .debug_macro   0x0000167b     0x1011 ./Core/Src/main.o
 .debug_macro   0x0000268c      0x11f ./Core/Src/main.o
 .debug_macro   0x000027ab     0xb881 ./Core/Src/main.o
 .debug_macro   0x0000e02c       0x6d ./Core/Src/main.o
 .debug_macro   0x0000e099     0x3693 ./Core/Src/main.o
 .debug_macro   0x0001172c      0x190 ./Core/Src/main.o
 .debug_macro   0x000118bc       0x5c ./Core/Src/main.o
 .debug_macro   0x00011918      0x416 ./Core/Src/main.o
 .debug_macro   0x00011d2e      0x9e9 ./Core/Src/main.o
 .debug_macro   0x00012717      0x115 ./Core/Src/main.o
 .debug_macro   0x0001282c       0xf8 ./Core/Src/main.o
 .debug_macro   0x00012924       0xa5 ./Core/Src/main.o
 .debug_macro   0x000129c9      0x15f ./Core/Src/main.o
 .debug_macro   0x00012b28      0x287 ./Core/Src/main.o
 .debug_macro   0x00012daf       0x5f ./Core/Src/main.o
 .debug_macro   0x00012e0e      0x236 ./Core/Src/main.o
 .debug_macro   0x00013044      0x132 ./Core/Src/main.o
 .debug_macro   0x00013176      0x264 ./Core/Src/main.o
 .debug_macro   0x000133da       0x2e ./Core/Src/main.o
 .debug_macro   0x00013408      0x127 ./Core/Src/main.o
 .debug_macro   0x0001352f       0x85 ./Core/Src/main.o
 .debug_macro   0x000135b4       0x89 ./Core/Src/main.o
 .debug_macro   0x0001363d      0x8ed ./Core/Src/main.o
 .debug_macro   0x00013f2a       0x47 ./Core/Src/main.o
 .debug_macro   0x00013f71      0x2aa ./Core/Src/main.o
 .debug_macro   0x0001421b      0x126 ./Core/Src/main.o
 .debug_macro   0x00014341       0x70 ./Core/Src/main.o
 .debug_macro   0x000143b1       0x61 ./Core/Src/main.o
 .debug_macro   0x00014412       0x2a ./Core/Src/main.o
 .debug_macro   0x0001443c       0x43 ./Core/Src/main.o
 .debug_macro   0x0001447f       0x34 ./Core/Src/main.o
 .debug_macro   0x000144b3       0x16 ./Core/Src/main.o
 .debug_macro   0x000144c9       0x3c ./Core/Src/main.o
 .debug_macro   0x00014505      0x370 ./Core/Src/main.o
 .debug_macro   0x00014875       0x10 ./Core/Src/main.o
 .debug_macro   0x00014885       0x16 ./Core/Src/main.o
 .debug_macro   0x0001489b       0x4a ./Core/Src/main.o
 .debug_macro   0x000148e5       0x34 ./Core/Src/main.o
 .debug_macro   0x00014919       0x10 ./Core/Src/main.o
 .debug_macro   0x00014929       0x58 ./Core/Src/main.o
 .debug_macro   0x00014981       0x8e ./Core/Src/main.o
 .debug_macro   0x00014a0f       0x1c ./Core/Src/main.o
 .debug_macro   0x00014a2b      0x185 ./Core/Src/main.o
 .debug_macro   0x00014bb0       0x16 ./Core/Src/main.o
 .debug_macro   0x00014bc6       0x16 ./Core/Src/main.o
 .debug_macro   0x00014bdc      0x146 ./Core/Src/main.o
 .debug_macro   0x00014d22       0x16 ./Core/Src/main.o
 .debug_macro   0x00014d38       0xfa ./Core/Src/main.o
 .debug_macro   0x00014e32       0x2e ./Core/Src/main.o
 .debug_macro   0x00014e60      0x182 ./Core/Src/main.o
 .debug_macro   0x00014fe2       0xee ./Core/Src/main.o
 .debug_macro   0x000150d0       0x3a ./Core/Src/main.o
 .debug_macro   0x0001510a       0x1f ./Core/Src/main.o
 .debug_macro   0x00015129       0x12 ./Core/Src/main.o
 .debug_macro   0x0001513b     0x10fe ./Core/Src/main.o
 .debug_macro   0x00016239       0xc3 ./Core/Src/main.o
 .debug_macro   0x000162fc      0x161 ./Core/Src/main.o
 .debug_macro   0x0001645d      0x1dd ./Core/Src/stm32f4xx_hal_msp.o
 .debug_macro   0x0001663a      0x1ce ./Core/Src/stm32f4xx_hal_timebase_tim.o
 .debug_macro   0x00016808      0x1e7 ./Core/Src/stm32f4xx_it.o
 .debug_macro   0x000169ef      0x286 ./Core/Src/syscalls.o
 .debug_macro   0x00016c75       0x5b ./Core/Src/syscalls.o
 .debug_macro   0x00016cd0       0x94 ./Core/Src/syscalls.o
 .debug_macro   0x00016d64       0x57 ./Core/Src/syscalls.o
 .debug_macro   0x00016dbb       0x10 ./Core/Src/syscalls.o
 .debug_macro   0x00016dcb       0x10 ./Core/Src/syscalls.o
 .debug_macro   0x00016ddb       0x10 ./Core/Src/syscalls.o
 .debug_macro   0x00016deb       0x10 ./Core/Src/syscalls.o
 .debug_macro   0x00016dfb       0x1c ./Core/Src/syscalls.o
 .debug_macro   0x00016e17       0x52 ./Core/Src/syscalls.o
 .debug_macro   0x00016e69       0x22 ./Core/Src/syscalls.o
 .debug_macro   0x00016e8b       0x10 ./Core/Src/syscalls.o
 .debug_macro   0x00016e9b       0x52 ./Core/Src/syscalls.o
 .debug_macro   0x00016eed       0xcf ./Core/Src/syscalls.o
 .debug_macro   0x00016fbc       0x1c ./Core/Src/syscalls.o
 .debug_macro   0x00016fd8       0x3d ./Core/Src/syscalls.o
 .debug_macro   0x00017015       0x35 ./Core/Src/syscalls.o
 .debug_macro   0x0001704a      0x12c ./Core/Src/syscalls.o
 .debug_macro   0x00017176       0x16 ./Core/Src/syscalls.o
 .debug_macro   0x0001718c       0x16 ./Core/Src/syscalls.o
 .debug_macro   0x000171a2       0x29 ./Core/Src/syscalls.o
 .debug_macro   0x000171cb       0x10 ./Core/Src/syscalls.o
 .debug_macro   0x000171db      0x242 ./Core/Src/syscalls.o
 .debug_macro   0x0001741d       0x1c ./Core/Src/syscalls.o
 .debug_macro   0x00017439       0x10 ./Core/Src/syscalls.o
 .debug_macro   0x00017449      0x18a ./Core/Src/syscalls.o
 .debug_macro   0x000175d3       0x16 ./Core/Src/syscalls.o
 .debug_macro   0x000175e9       0xce ./Core/Src/syscalls.o
 .debug_macro   0x000176b7      0x112 ./Core/Src/sysmem.o
 .debug_macro   0x000177c9      0x23c ./Core/Src/sysmem.o
 .debug_macro   0x00017a05      0x1ce ./Core/Src/system_stm32f4xx.o
 .debug_macro   0x00017bd3      0x22e ./Drivers/STM32F4xx_HAL_Driver/Src/stm32f4xx_hal.o
 .debug_macro   0x00017e01      0x1ce ./Drivers/STM32F4xx_HAL_Driver/Src/stm32f4xx_hal_cortex.o
 .debug_macro   0x00017fcf      0x1d4 ./Drivers/STM32F4xx_HAL_Driver/Src/stm32f4xx_hal_gpio.o
 .debug_macro   0x000181a3      0x1f2 ./Drivers/STM32F4xx_HAL_Driver/Src/stm32f4xx_hal_rcc.o
 .debug_macro   0x00018395      0x1cf ./Drivers/STM32F4xx_HAL_Driver/Src/stm32f4xx_hal_tim.o
 .debug_macro   0x00018564      0x1ce ./Drivers/STM32F4xx_HAL_Driver/Src/stm32f4xx_hal_tim_ex.o
 .debug_macro   0x00018732      0x1cf ./Drivers/STM32F4xx_HAL_Driver/Src/stm32f4xx_hal_uart.o
 .debug_macro   0x00018901      0x1a2 ./Thirdparty/FreeRTOS/list.o
 .debug_macro   0x00018aa3      0x239 ./Thirdparty/FreeRTOS/queue.o
 .debug_macro   0x00018cdc       0x16 ./Thirdparty/FreeRTOS/queue.o
 .debug_macro   0x00018cf2       0x20 ./Thirdparty/FreeRTOS/queue.o
 .debug_macro   0x00018d12       0x80 ./Thirdparty/FreeRTOS/queue.o
 .debug_macro   0x00018d92      0x2c6 ./Thirdparty/FreeRTOS/tasks.o
 .debug_macro   0x00019058       0x17 ./Thirdparty/FreeRTOS/tasks.o
 .debug_macro   0x0001906f      0x1f1 ./Thirdparty/FreeRTOS/timers.o
 .debug_macro   0x00019260       0x9e ./Thirdparty/FreeRTOS/timers.o
 .debug_macro   0x000192fe      0x1cf ./Thirdparty/FreeRTOS/portable/GCC/ARM_CM4F/port.o
 .debug_macro   0x000194cd      0x237 ./Thirdparty/FreeRTOS/portable/MemMang/heap_4.o

.debug_line     0x00000000    0x1402d
 .debug_line    0x00000000      0xbad ./Core/Src/main.o
 .debug_line    0x00000bad      0x793 ./Core/Src/stm32f4xx_hal_msp.o
 .debug_line    0x00001340      0x7c4 ./Core/Src/stm32f4xx_hal_timebase_tim.o
 .debug_line    0x00001b04      0x7cf ./Core/Src/stm32f4xx_it.o
 .debug_line    0x000022d3      0x8eb ./Core/Src/syscalls.o
 .debug_line    0x00002bbe      0x588 ./Core/Src/sysmem.o
 .debug_line    0x00003146      0x7bc ./Core/Src/system_stm32f4xx.o
 .debug_line    0x00003902       0x7a ./Core/Startup/startup_stm32f401retx.o
 .debug_line    0x0000397c      0xa38 ./Drivers/STM32F4xx_HAL_Driver/Src/stm32f4xx_hal.o
 .debug_line    0x000043b4      0xd08 ./Drivers/STM32F4xx_HAL_Driver/Src/stm32f4xx_hal_cortex.o
 .debug_line    0x000050bc      0xb54 ./Drivers/STM32F4xx_HAL_Driver/Src/stm32f4xx_hal_gpio.o
 .debug_line    0x00005c10      0xe47 ./Drivers/STM32F4xx_HAL_Driver/Src/stm32f4xx_hal_rcc.o
 .debug_line    0x00006a57     0x3577 ./Drivers/STM32F4xx_HAL_Driver/Src/stm32f4xx_hal_tim.o
 .debug_line    0x00009fce     0x1933 ./Drivers/STM32F4xx_HAL_Driver/Src/stm32f4xx_hal_tim_ex.o
 .debug_line    0x0000b901     0x2580 ./Drivers/STM32F4xx_HAL_Driver/Src/stm32f4xx_hal_uart.o
 .debug_line    0x0000de81      0x7e7 ./Thirdparty/FreeRTOS/list.o
 .debug_line    0x0000e668     0x1700 ./Thirdparty/FreeRTOS/queue.o
 .debug_line    0x0000fd68     0x20bb ./Thirdparty/FreeRTOS/tasks.o
 .debug_line    0x00011e23      0xd8d ./Thirdparty/FreeRTOS/timers.o
 .debug_line    0x00012bb0      0x8f5 ./Thirdparty/FreeRTOS/portable/GCC/ARM_CM4F/port.o
 .debug_line    0x000134a5      0xb88 ./Thirdparty/FreeRTOS/portable/MemMang/heap_4.o

.debug_str      0x00000000    0x9eb83
 .debug_str     0x00000000    0x9eb83 ./Core/Src/main.o
                              0x9568f (size before relaxing)
 .debug_str     0x0009eb83    0x86c5f ./Core/Src/stm32f4xx_hal_msp.o
 .debug_str     0x0009eb83    0x86ff3 ./Core/Src/stm32f4xx_hal_timebase_tim.o
 .debug_str     0x0009eb83    0x86bdb ./Core/Src/stm32f4xx_it.o
 .debug_str     0x0009eb83     0x9a84 ./Core/Src/syscalls.o
 .debug_str     0x0009eb83     0x7774 ./Core/Src/sysmem.o
 .debug_str     0x0009eb83    0x8665e ./Core/Src/system_stm32f4xx.o
 .debug_str     0x0009eb83       0x76 ./Core/Startup/startup_stm32f401retx.o
 .debug_str     0x0009eb83    0x87080 ./Drivers/STM32F4xx_HAL_Driver/Src/stm32f4xx_hal.o
 .debug_str     0x0009eb83    0x86dea ./Drivers/STM32F4xx_HAL_Driver/Src/stm32f4xx_hal_cortex.o
 .debug_str     0x0009eb83    0x867d9 ./Drivers/STM32F4xx_HAL_Driver/Src/stm32f4xx_hal_gpio.o
 .debug_str     0x0009eb83    0x86a92 ./Drivers/STM32F4xx_HAL_Driver/Src/stm32f4xx_hal_rcc.o
 .debug_str     0x0009eb83    0x879d6 ./Drivers/STM32F4xx_HAL_Driver/Src/stm32f4xx_hal_tim.o
 .debug_str     0x0009eb83    0x871e2 ./Drivers/STM32F4xx_HAL_Driver/Src/stm32f4xx_hal_tim_ex.o
 .debug_str     0x0009eb83    0x87061 ./Drivers/STM32F4xx_HAL_Driver/Src/stm32f4xx_hal_uart.o
 .debug_str     0x0009eb83    0x10c8f ./Thirdparty/FreeRTOS/list.o
 .debug_str     0x0009eb83    0x1365c ./Thirdparty/FreeRTOS/queue.o
 .debug_str     0x0009eb83    0x1459a ./Thirdparty/FreeRTOS/tasks.o
 .debug_str     0x0009eb83    0x1390b ./Thirdparty/FreeRTOS/timers.o
 .debug_str     0x0009eb83     0xf7ac ./Thirdparty/FreeRTOS/portable/GCC/ARM_CM4F/port.o
 .debug_str     0x0009eb83    0x12894 ./Thirdparty/FreeRTOS/portable/MemMang/heap_4.o

.comment        0x00000000       0x43
 .comment       0x00000000       0x43 ./Core/Src/main.o