13:37:35 **** Clean-only build of configuration Debug for project RTOS1 ****
make -j8 clean 
rm -rf ./Thirdparty/FreeRTOS/portable/MemMang/heap_4.cyclo ./Thirdparty/FreeRTOS/portable/MemMang/heap_4.d ./Thirdparty/FreeRTOS/portable/MemMang/heap_4.o ./Thirdparty/FreeRTOS/portable/MemMang/heap_4.su
rm -rf ./Thirdparty/FreeRTOS/portable/GCC/ARM_CM4F/port.cyclo ./Thirdparty/FreeRTOS/portable/GCC/ARM_CM4F/port.d ./Thirdparty/FreeRTOS/portable/GCC/ARM_CM4F/port.o ./Thirdparty/FreeRTOS/portable/GCC/ARM_CM4F/port.su
rm -rf ./Thirdparty/FreeRTOS/croutine.cyclo ./Thirdparty/FreeRTOS/croutine.d ./Thirdparty/FreeRTOS/croutine.o ./Thirdparty/FreeRTOS/croutine.su ./Thirdparty/FreeRTOS/event_groups.cyclo ./Thirdparty/FreeRTOS/event_groups.d ./Thirdparty/FreeRTOS/event_groups.o ./Thirdparty/FreeRTOS/event_groups.su ./Thirdparty/FreeRTOS/list.cyclo ./Thirdparty/FreeRTOS/list.d ./Thirdparty/FreeRTOS/list.o ./Thirdparty/FreeRTOS/list.su ./Thirdparty/FreeRTOS/queue.cyclo ./Thirdparty/FreeRTOS/queue.d ./Thirdparty/FreeRTOS/queue.o ./Thirdparty/FreeRTOS/queue.su ./Thirdparty/FreeRTOS/stream_buffer.cyclo ./Thirdparty/FreeRTOS/stream_buffer.d ./Thirdparty/FreeRTOS/stream_buffer.o ./Thirdparty/FreeRTOS/stream_buffer.su ./Thirdparty/FreeRTOS/tasks.cyclo ./Thirdparty/FreeRTOS/tasks.d ./Thirdparty/FreeRTOS/tasks.o ./Thirdparty/FreeRTOS/tasks.su ./Thirdparty/FreeRTOS/timers.cyclo ./Thirdparty/FreeRTOS/timers.d ./Thirdparty/FreeRTOS/timers.o ./Thirdparty/FreeRTOS/timers.su
rm -rf ./Drivers/STM32F4xx_HAL_Driver/Src/stm32f4xx_hal.cyclo ./Drivers/STM32F4xx_HAL_Driver/Src/stm32f4xx_hal.d ./Drivers/STM32F4xx_HAL_Driver/Src/stm32f4xx_hal.o ./Drivers/STM32F4xx_HAL_Driver/Src/stm32f4xx_hal.su ./Drivers/STM32F4xx_HAL_Driver/Src/stm32f4xx_hal_cortex.cyclo ./Drivers/STM32F4xx_HAL_Driver/Src/stm32f4xx_hal_cortex.d ./Drivers/STM32F4xx_HAL_Driver/Src/stm32f4xx_hal_cortex.o ./Drivers/STM32F4xx_HAL_Driver/Src/stm32f4xx_hal_cortex.su ./Drivers/STM32F4xx_HAL_Driver/Src/stm32f4xx_hal_dma.cyclo ./Drivers/STM32F4xx_HAL_Driver/Src/stm32f4xx_hal_dma.d ./Drivers/STM32F4xx_HAL_Driver/Src/stm32f4xx_hal_dma.o ./Drivers/STM32F4xx_HAL_Driver/Src/stm32f4xx_hal_dma.su ./Drivers/STM32F4xx_HAL_Driver/Src/stm32f4xx_hal_dma_ex.cyclo ./Drivers/STM32F4xx_HAL_Driver/Src/stm32f4xx_hal_dma_ex.d ./Drivers/STM32F4xx_HAL_Driver/Src/stm32f4xx_hal_dma_ex.o ./Drivers/STM32F4xx_HAL_Driver/Src/stm32f4xx_hal_dma_ex.su ./Drivers/STM32F4xx_HAL_Driver/Src/stm32f4xx_hal_exti.cyclo ./Drivers/STM32F4xx_HAL_Driver/Src/stm32f4xx_hal_exti.d ./Drivers/STM32F4xx_HAL_Driver/Src/stm32f4xx_hal_exti.o ./Drivers/STM32F4xx_HAL_Driver/Src/stm32f4xx_hal_exti.su ./Drivers/STM32F4xx_HAL_Driver/Src/stm32f4xx_hal_flash.cyclo ./Drivers/STM32F4xx_HAL_Driver/Src/stm32f4xx_hal_flash.d ./Drivers/STM32F4xx_HAL_Driver/Src/stm32f4xx_hal_flash.o ./Drivers/STM32F4xx_HAL_Driver/Src/stm32f4xx_hal_flash.su ./Drivers/STM32F4xx_HAL_Driver/Src/stm32f4xx_hal_flash_ex.cyclo ./Drivers/STM32F4xx_HAL_Driver/Src/stm32f4xx_hal_flash_ex.d ./Drivers/STM32F4xx_HAL_Driver/Src/stm32f4xx_hal_flash_ex.o ./Drivers/STM32F4xx_HAL_Driver/Src/stm32f4xx_hal_flash_ex.su ./Drivers/STM32F4xx_HAL_Driver/Src/stm32f4xx_hal_flash_ramfunc.cyclo ./Drivers/STM32F4xx_HAL_Driver/Src/stm32f4xx_hal_flash_ramfunc.d ./Drivers/STM32F4xx_HAL_Driver/Src/stm32f4xx_hal_flash_ramfunc.o ./Drivers/STM32F4xx_HAL_Driver/Src/stm32f4xx_hal_flash_ramfunc.su ./Drivers/STM32F4xx_HAL_Driver/Src/stm32f4xx_hal_gpio.cyclo ./Drivers/STM32F4xx_HAL_Driver/Src/stm32f4xx_hal_gpio.d ./Drivers/STM32F4xx_HAL_Driver/Src/stm32f4xx_hal_gpio.o ./Drivers/STM32F4xx_HAL_Driver/Src/stm32f4xx_hal_gpio.su ./Drivers/STM32F4xx_HAL_Driver/Src/stm32f4xx_hal_pwr.cyclo ./Drivers/STM32F4xx_HAL_Driver/Src/stm32f4xx_hal_pwr.d ./Drivers/STM32F4xx_HAL_Driver/Src/stm32f4xx_hal_pwr.o ./Drivers/STM32F4xx_HAL_Driver/Src/stm32f4xx_hal_pwr.su ./Drivers/STM32F4xx_HAL_Driver/Src/stm32f4xx_hal_pwr_ex.cyclo ./Drivers/STM32F4xx_HAL_Driver/Src/stm32f4xx_hal_pwr_ex.d ./Drivers/STM32F4xx_HAL_Driver/Src/stm32f4xx_hal_pwr_ex.o ./Drivers/STM32F4xx_HAL_Driver/Src/stm32f4xx_hal_pwr_ex.su ./Drivers/STM32F4xx_HAL_Driver/Src/stm32f4xx_hal_rcc.cyclo ./Drivers/STM32F4xx_HAL_Driver/Src/stm32f4xx_hal_rcc.d ./Drivers/STM32F4xx_HAL_Driver/Src/stm32f4xx_hal_rcc.o ./Drivers/STM32F4xx_HAL_Driver/Src/stm32f4xx_hal_rcc.su ./Drivers/STM32F4xx_HAL_Driver/Src/stm32f4xx_hal_rcc_ex.cyclo ./Drivers/STM32F4xx_HAL_Driver/Src/stm32f4xx_hal_rcc_ex.d ./Drivers/STM32F4xx_HAL_Driver/Src/stm32f4xx_hal_rcc_ex.o ./Drivers/STM32F4xx_HAL_Driver/Src/stm32f4xx_hal_rcc_ex.su ./Drivers/STM32F4xx_HAL_Driver/Src/stm32f4xx_hal_tim.cyclo ./Drivers/STM32F4xx_HAL_Driver/Src/stm32f4xx_hal_tim.d ./Drivers/STM32F4xx_HAL_Driver/Src/stm32f4xx_hal_tim.o ./Drivers/STM32F4xx_HAL_Driver/Src/stm32f4xx_hal_tim.su ./Drivers/STM32F4xx_HAL_Driver/Src/stm32f4xx_hal_tim_ex.cyclo ./Drivers/STM32F4xx_HAL_Driver/Src/stm32f4xx_hal_tim_ex.d ./Drivers/STM32F4xx_HAL_Driver/Src/stm32f4xx_hal_tim_ex.o ./Drivers/STM32F4xx_HAL_Driver/Src/stm32f4xx_hal_tim_ex.su ./Drivers/STM32F4xx_HAL_Driver/Src/stm32f4xx_hal_uart.cyclo ./Drivers/STM32F4xx_HAL_Driver/Src/stm32f4xx_hal_uart.d ./Drivers/STM32F4xx_HAL_Driver/Src/stm32f4xx_hal_uart.o ./Drivers/STM32F4xx_HAL_Driver/Src/stm32f4xx_hal_uart.su
rm -rf ./Core/Startup/startup_stm32f401retx.d ./Core/Startup/startup_stm32f401retx.o
rm -rf ./Core/Src/main.cyclo ./Core/Src/main.d ./Core/Src/main.o ./Core/Src/main.su ./Core/Src/stm32f4xx_hal_msp.cyclo ./Core/Src/stm32f4xx_hal_msp.d ./Core/Src/stm32f4xx_hal_msp.o ./Core/Src/stm32f4xx_hal_msp.su ./Core/Src/stm32f4xx_hal_timebase_tim.cyclo ./Core/Src/stm32f4xx_hal_timebase_tim.d ./Core/Src/stm32f4xx_hal_timebase_tim.o ./Core/Src/stm32f4xx_hal_timebase_tim.su ./Core/Src/stm32f4xx_it.cyclo ./Core/Src/stm32f4xx_it.d ./Core/Src/stm32f4xx_it.o ./Core/Src/stm32f4xx_it.su ./Core/Src/syscalls.cyclo ./Core/Src/syscalls.d ./Core/Src/syscalls.o ./Core/Src/syscalls.su ./Core/Src/sysmem.cyclo ./Core/Src/sysmem.d ./Core/Src/sysmem.o ./Core/Src/sysmem.su ./Core/Src/system_stm32f4xx.cyclo ./Core/Src/system_stm32f4xx.d ./Core/Src/system_stm32f4xx.o ./Core/Src/system_stm32f4xx.su
rm -rf RTOS1.elf RTOS1.list RTOS1.map default.size.stdout
rm: can't remove 'RTOS1.elf': Permission denied
make: [makefile:83: clean] Error 1 (ignored)
 
13:37:40 **** Build of configuration Debug for project RTOS1 ****
make -j8 all 
arm-none-eabi-gcc "../Thirdparty/FreeRTOS/portable/MemMang/heap_4.c" -mcpu=cortex-m4 -std=gnu11 -g3 -DDEBUG -DUSE_HAL_DRIVER -DSTM32F401xE -c -I"C:/Users/hafna/Desktop/RTOS-workspace/RTOS1/Thirdparty/FreeRTOS/include" -I"C:/Users/hafna/Desktop/RTOS-workspace/RTOS1/Thirdparty/FreeRTOS" -I"C:/Users/hafna/Desktop/RTOS-workspace/RTOS1/Thirdparty/FreeRTOS/portable/GCC/ARM_CM4F" -I../Core/Inc -I../Drivers/STM32F4xx_HAL_Driver/Inc -I../Drivers/STM32F4xx_HAL_Driver/Inc/Legacy -I../Drivers/CMSIS/Device/ST/STM32F4xx/Include -I../Drivers/CMSIS/Include -O0 -ffunction-sections -fdata-sections -Wall -fstack-usage -fcyclomatic-complexity -MMD -MP -MF"Thirdparty/FreeRTOS/portable/MemMang/heap_4.d" -MT"Thirdparty/FreeRTOS/portable/MemMang/heap_4.o" --specs=nano.specs -mfpu=fpv4-sp-d16 -mfloat-abi=hard -mthumb -o "Thirdparty/FreeRTOS/portable/MemMang/heap_4.o"
arm-none-eabi-gcc "../Thirdparty/FreeRTOS/portable/GCC/ARM_CM4F/port.c" -mcpu=cortex-m4 -std=gnu11 -g3 -DDEBUG -DUSE_HAL_DRIVER -DSTM32F401xE -c -I"C:/Users/hafna/Desktop/RTOS-workspace/RTOS1/Thirdparty/FreeRTOS/include" -I"C:/Users/hafna/Desktop/RTOS-workspace/RTOS1/Thirdparty/FreeRTOS" -I"C:/Users/hafna/Desktop/RTOS-workspace/RTOS1/Thirdparty/FreeRTOS/portable/GCC/ARM_CM4F" -I../Core/Inc -I../Drivers/STM32F4xx_HAL_Driver/Inc -I../Drivers/STM32F4xx_HAL_Driver/Inc/Legacy -I../Drivers/CMSIS/Device/ST/STM32F4xx/Include -I../Drivers/CMSIS/Include -O0 -ffunction-sections -fdata-sections -Wall -fstack-usage -fcyclomatic-complexity -MMD -MP -MF"Thirdparty/FreeRTOS/portable/GCC/ARM_CM4F/port.d" -MT"Thirdparty/FreeRTOS/portable/GCC/ARM_CM4F/port.o" --specs=nano.specs -mfpu=fpv4-sp-d16 -mfloat-abi=hard -mthumb -o "Thirdparty/FreeRTOS/portable/GCC/ARM_CM4F/port.o"
arm-none-eabi-gcc "../Thirdparty/FreeRTOS/croutine.c" -mcpu=cortex-m4 -std=gnu11 -g3 -DDEBUG -DUSE_HAL_DRIVER -DSTM32F401xE -c -I"C:/Users/hafna/Desktop/RTOS-workspace/RTOS1/Thirdparty/FreeRTOS/include" -I"C:/Users/hafna/Desktop/RTOS-workspace/RTOS1/Thirdparty/FreeRTOS" -I"C:/Users/hafna/Desktop/RTOS-workspace/RTOS1/Thirdparty/FreeRTOS/portable/GCC/ARM_CM4F" -I../Core/Inc -I../Drivers/STM32F4xx_HAL_Driver/Inc -I../Drivers/STM32F4xx_HAL_Driver/Inc/Legacy -I../Drivers/CMSIS/Device/ST/STM32F4xx/Include -I../Drivers/CMSIS/Include -O0 -ffunction-sections -fdata-sections -Wall -fstack-usage -fcyclomatic-complexity -MMD -MP -MF"Thirdparty/FreeRTOS/croutine.d" -MT"Thirdparty/FreeRTOS/croutine.o" --specs=nano.specs -mfpu=fpv4-sp-d16 -mfloat-abi=hard -mthumb -o "Thirdparty/FreeRTOS/croutine.o"
arm-none-eabi-gcc "../Thirdparty/FreeRTOS/event_groups.c" -mcpu=cortex-m4 -std=gnu11 -g3 -DDEBUG -DUSE_HAL_DRIVER -DSTM32F401xE -c -I"C:/Users/hafna/Desktop/RTOS-workspace/RTOS1/Thirdparty/FreeRTOS/include" -I"C:/Users/hafna/Desktop/RTOS-workspace/RTOS1/Thirdparty/FreeRTOS" -I"C:/Users/hafna/Desktop/RTOS-workspace/RTOS1/Thirdparty/FreeRTOS/portable/GCC/ARM_CM4F" -I../Core/Inc -I../Drivers/STM32F4xx_HAL_Driver/Inc -I../Drivers/STM32F4xx_HAL_Driver/Inc/Legacy -I../Drivers/CMSIS/Device/ST/STM32F4xx/Include -I../Drivers/CMSIS/Include -O0 -ffunction-sections -fdata-sections -Wall -fstack-usage -fcyclomatic-complexity -MMD -MP -MF"Thirdparty/FreeRTOS/event_groups.d" -MT"Thirdparty/FreeRTOS/event_groups.o" --specs=nano.specs -mfpu=fpv4-sp-d16 -mfloat-abi=hard -mthumb -o "Thirdparty/FreeRTOS/event_groups.o"
arm-none-eabi-gcc "../Thirdparty/FreeRTOS/list.c" -mcpu=cortex-m4 -std=gnu11 -g3 -DDEBUG -DUSE_HAL_DRIVER -DSTM32F401xE -c -I"C:/Users/hafna/Desktop/RTOS-workspace/RTOS1/Thirdparty/FreeRTOS/include" -I"C:/Users/hafna/Desktop/RTOS-workspace/RTOS1/Thirdparty/FreeRTOS" -I"C:/Users/hafna/Desktop/RTOS-workspace/RTOS1/Thirdparty/FreeRTOS/portable/GCC/ARM_CM4F" -I../Core/Inc -I../Drivers/STM32F4xx_HAL_Driver/Inc -I../Drivers/STM32F4xx_HAL_Driver/Inc/Legacy -I../Drivers/CMSIS/Device/ST/STM32F4xx/Include -I../Drivers/CMSIS/Include -O0 -ffunction-sections -fdata-sections -Wall -fstack-usage -fcyclomatic-complexity -MMD -MP -MF"Thirdparty/FreeRTOS/list.d" -MT"Thirdparty/FreeRTOS/list.o" --specs=nano.specs -mfpu=fpv4-sp-d16 -mfloat-abi=hard -mthumb -o "Thirdparty/FreeRTOS/list.o"
arm-none-eabi-gcc "../Thirdparty/FreeRTOS/queue.c" -mcpu=cortex-m4 -std=gnu11 -g3 -DDEBUG -DUSE_HAL_DRIVER -DSTM32F401xE -c -I"C:/Users/hafna/Desktop/RTOS-workspace/RTOS1/Thirdparty/FreeRTOS/include" -I"C:/Users/hafna/Desktop/RTOS-workspace/RTOS1/Thirdparty/FreeRTOS" -I"C:/Users/hafna/Desktop/RTOS-workspace/RTOS1/Thirdparty/FreeRTOS/portable/GCC/ARM_CM4F" -I../Core/Inc -I../Drivers/STM32F4xx_HAL_Driver/Inc -I../Drivers/STM32F4xx_HAL_Driver/Inc/Legacy -I../Drivers/CMSIS/Device/ST/STM32F4xx/Include -I../Drivers/CMSIS/Include -O0 -ffunction-sections -fdata-sections -Wall -fstack-usage -fcyclomatic-complexity -MMD -MP -MF"Thirdparty/FreeRTOS/queue.d" -MT"Thirdparty/FreeRTOS/queue.o" --specs=nano.specs -mfpu=fpv4-sp-d16 -mfloat-abi=hard -mthumb -o "Thirdparty/FreeRTOS/queue.o"
arm-none-eabi-gcc "../Thirdparty/FreeRTOS/stream_buffer.c" -mcpu=cortex-m4 -std=gnu11 -g3 -DDEBUG -DUSE_HAL_DRIVER -DSTM32F401xE -c -I"C:/Users/hafna/Desktop/RTOS-workspace/RTOS1/Thirdparty/FreeRTOS/include" -I"C:/Users/hafna/Desktop/RTOS-workspace/RTOS1/Thirdparty/FreeRTOS" -I"C:/Users/hafna/Desktop/RTOS-workspace/RTOS1/Thirdparty/FreeRTOS/portable/GCC/ARM_CM4F" -I../Core/Inc -I../Drivers/STM32F4xx_HAL_Driver/Inc -I../Drivers/STM32F4xx_HAL_Driver/Inc/Legacy -I../Drivers/CMSIS/Device/ST/STM32F4xx/Include -I../Drivers/CMSIS/Include -O0 -ffunction-sections -fdata-sections -Wall -fstack-usage -fcyclomatic-complexity -MMD -MP -MF"Thirdparty/FreeRTOS/stream_buffer.d" -MT"Thirdparty/FreeRTOS/stream_buffer.o" --specs=nano.specs -mfpu=fpv4-sp-d16 -mfloat-abi=hard -mthumb -o "Thirdparty/FreeRTOS/stream_buffer.o"
arm-none-eabi-gcc "../Thirdparty/FreeRTOS/tasks.c" -mcpu=cortex-m4 -std=gnu11 -g3 -DDEBUG -DUSE_HAL_DRIVER -DSTM32F401xE -c -I"C:/Users/hafna/Desktop/RTOS-workspace/RTOS1/Thirdparty/FreeRTOS/include" -I"C:/Users/hafna/Desktop/RTOS-workspace/RTOS1/Thirdparty/FreeRTOS" -I"C:/Users/hafna/Desktop/RTOS-workspace/RTOS1/Thirdparty/FreeRTOS/portable/GCC/ARM_CM4F" -I../Core/Inc -I../Drivers/STM32F4xx_HAL_Driver/Inc -I../Drivers/STM32F4xx_HAL_Driver/Inc/Legacy -I../Drivers/CMSIS/Device/ST/STM32F4xx/Include -I../Drivers/CMSIS/Include -O0 -ffunction-sections -fdata-sections -Wall -fstack-usage -fcyclomatic-complexity -MMD -MP -MF"Thirdparty/FreeRTOS/tasks.d" -MT"Thirdparty/FreeRTOS/tasks.o" --specs=nano.specs -mfpu=fpv4-sp-d16 -mfloat-abi=hard -mthumb -o "Thirdparty/FreeRTOS/tasks.o"
arm-none-eabi-gcc "../Thirdparty/FreeRTOS/timers.c" -mcpu=cortex-m4 -std=gnu11 -g3 -DDEBUG -DUSE_HAL_DRIVER -DSTM32F401xE -c -I"C:/Users/hafna/Desktop/RTOS-workspace/RTOS1/Thirdparty/FreeRTOS/include" -I"C:/Users/hafna/Desktop/RTOS-workspace/RTOS1/Thirdparty/FreeRTOS" -I"C:/Users/hafna/Desktop/RTOS-workspace/RTOS1/Thirdparty/FreeRTOS/portable/GCC/ARM_CM4F" -I../Core/Inc -I../Drivers/STM32F4xx_HAL_Driver/Inc -I../Drivers/STM32F4xx_HAL_Driver/Inc/Legacy -I../Drivers/CMSIS/Device/ST/STM32F4xx/Include -I../Drivers/CMSIS/Include -O0 -ffunction-sections -fdata-sections -Wall -fstack-usage -fcyclomatic-complexity -MMD -MP -MF"Thirdparty/FreeRTOS/timers.d" -MT"Thirdparty/FreeRTOS/timers.o" --specs=nano.specs -mfpu=fpv4-sp-d16 -mfloat-abi=hard -mthumb -o "Thirdparty/FreeRTOS/timers.o"
arm-none-eabi-gcc "../Drivers/STM32F4xx_HAL_Driver/Src/stm32f4xx_hal.c" -mcpu=cortex-m4 -std=gnu11 -g3 -DDEBUG -DUSE_HAL_DRIVER -DSTM32F401xE -c -I../Core/Inc -I"C:/Users/hafna/Desktop/RTOS-workspace/RTOS1/Thirdparty/FreeRTOS/portable/GCC/ARM_CM4F" -I"C:/Users/hafna/Desktop/RTOS-workspace/RTOS1/Thirdparty/FreeRTOS/include" -I"C:/Users/hafna/Desktop/RTOS-workspace/RTOS1/Thirdparty/FreeRTOS" -I../Drivers/STM32F4xx_HAL_Driver/Inc -I../Drivers/STM32F4xx_HAL_Driver/Inc/Legacy -I../Drivers/CMSIS/Device/ST/STM32F4xx/Include -I../Drivers/CMSIS/Include -O0 -ffunction-sections -fdata-sections -Wall -fstack-usage -fcyclomatic-complexity -MMD -MP -MF"Drivers/STM32F4xx_HAL_Driver/Src/stm32f4xx_hal.d" -MT"Drivers/STM32F4xx_HAL_Driver/Src/stm32f4xx_hal.o" --specs=nano.specs -mfpu=fpv4-sp-d16 -mfloat-abi=hard -mthumb -o "Drivers/STM32F4xx_HAL_Driver/Src/stm32f4xx_hal.o"
arm-none-eabi-gcc "../Drivers/STM32F4xx_HAL_Driver/Src/stm32f4xx_hal_cortex.c" -mcpu=cortex-m4 -std=gnu11 -g3 -DDEBUG -DUSE_HAL_DRIVER -DSTM32F401xE -c -I../Core/Inc -I"C:/Users/hafna/Desktop/RTOS-workspace/RTOS1/Thirdparty/FreeRTOS/portable/GCC/ARM_CM4F" -I"C:/Users/hafna/Desktop/RTOS-workspace/RTOS1/Thirdparty/FreeRTOS/include" -I"C:/Users/hafna/Desktop/RTOS-workspace/RTOS1/Thirdparty/FreeRTOS" -I../Drivers/STM32F4xx_HAL_Driver/Inc -I../Drivers/STM32F4xx_HAL_Driver/Inc/Legacy -I../Drivers/CMSIS/Device/ST/STM32F4xx/Include -I../Drivers/CMSIS/Include -O0 -ffunction-sections -fdata-sections -Wall -fstack-usage -fcyclomatic-complexity -MMD -MP -MF"Drivers/STM32F4xx_HAL_Driver/Src/stm32f4xx_hal_cortex.d" -MT"Drivers/STM32F4xx_HAL_Driver/Src/stm32f4xx_hal_cortex.o" --specs=nano.specs -mfpu=fpv4-sp-d16 -mfloat-abi=hard -mthumb -o "Drivers/STM32F4xx_HAL_Driver/Src/stm32f4xx_hal_cortex.o"
arm-none-eabi-gcc "../Drivers/STM32F4xx_HAL_Driver/Src/stm32f4xx_hal_dma.c" -mcpu=cortex-m4 -std=gnu11 -g3 -DDEBUG -DUSE_HAL_DRIVER -DSTM32F401xE -c -I../Core/Inc -I"C:/Users/hafna/Desktop/RTOS-workspace/RTOS1/Thirdparty/FreeRTOS/portable/GCC/ARM_CM4F" -I"C:/Users/hafna/Desktop/RTOS-workspace/RTOS1/Thirdparty/FreeRTOS/include" -I"C:/Users/hafna/Desktop/RTOS-workspace/RTOS1/Thirdparty/FreeRTOS" -I../Drivers/STM32F4xx_HAL_Driver/Inc -I../Drivers/STM32F4xx_HAL_Driver/Inc/Legacy -I../Drivers/CMSIS/Device/ST/STM32F4xx/Include -I../Drivers/CMSIS/Include -O0 -ffunction-sections -fdata-sections -Wall -fstack-usage -fcyclomatic-complexity -MMD -MP -MF"Drivers/STM32F4xx_HAL_Driver/Src/stm32f4xx_hal_dma.d" -MT"Drivers/STM32F4xx_HAL_Driver/Src/stm32f4xx_hal_dma.o" --specs=nano.specs -mfpu=fpv4-sp-d16 -mfloat-abi=hard -mthumb -o "Drivers/STM32F4xx_HAL_Driver/Src/stm32f4xx_hal_dma.o"
arm-none-eabi-gcc "../Drivers/STM32F4xx_HAL_Driver/Src/stm32f4xx_hal_dma_ex.c" -mcpu=cortex-m4 -std=gnu11 -g3 -DDEBUG -DUSE_HAL_DRIVER -DSTM32F401xE -c -I../Core/Inc -I"C:/Users/hafna/Desktop/RTOS-workspace/RTOS1/Thirdparty/FreeRTOS/portable/GCC/ARM_CM4F" -I"C:/Users/hafna/Desktop/RTOS-workspace/RTOS1/Thirdparty/FreeRTOS/include" -I"C:/Users/hafna/Desktop/RTOS-workspace/RTOS1/Thirdparty/FreeRTOS" -I../Drivers/STM32F4xx_HAL_Driver/Inc -I../Drivers/STM32F4xx_HAL_Driver/Inc/Legacy -I../Drivers/CMSIS/Device/ST/STM32F4xx/Include -I../Drivers/CMSIS/Include -O0 -ffunction-sections -fdata-sections -Wall -fstack-usage -fcyclomatic-complexity -MMD -MP -MF"Drivers/STM32F4xx_HAL_Driver/Src/stm32f4xx_hal_dma_ex.d" -MT"Drivers/STM32F4xx_HAL_Driver/Src/stm32f4xx_hal_dma_ex.o" --specs=nano.specs -mfpu=fpv4-sp-d16 -mfloat-abi=hard -mthumb -o "Drivers/STM32F4xx_HAL_Driver/Src/stm32f4xx_hal_dma_ex.o"
arm-none-eabi-gcc "../Drivers/STM32F4xx_HAL_Driver/Src/stm32f4xx_hal_exti.c" -mcpu=cortex-m4 -std=gnu11 -g3 -DDEBUG -DUSE_HAL_DRIVER -DSTM32F401xE -c -I../Core/Inc -I"C:/Users/hafna/Desktop/RTOS-workspace/RTOS1/Thirdparty/FreeRTOS/portable/GCC/ARM_CM4F" -I"C:/Users/hafna/Desktop/RTOS-workspace/RTOS1/Thirdparty/FreeRTOS/include" -I"C:/Users/hafna/Desktop/RTOS-workspace/RTOS1/Thirdparty/FreeRTOS" -I../Drivers/STM32F4xx_HAL_Driver/Inc -I../Drivers/STM32F4xx_HAL_Driver/Inc/Legacy -I../Drivers/CMSIS/Device/ST/STM32F4xx/Include -I../Drivers/CMSIS/Include -O0 -ffunction-sections -fdata-sections -Wall -fstack-usage -fcyclomatic-complexity -MMD -MP -MF"Drivers/STM32F4xx_HAL_Driver/Src/stm32f4xx_hal_exti.d" -MT"Drivers/STM32F4xx_HAL_Driver/Src/stm32f4xx_hal_exti.o" --specs=nano.specs -mfpu=fpv4-sp-d16 -mfloat-abi=hard -mthumb -o "Drivers/STM32F4xx_HAL_Driver/Src/stm32f4xx_hal_exti.o"
arm-none-eabi-gcc "../Drivers/STM32F4xx_HAL_Driver/Src/stm32f4xx_hal_flash.c" -mcpu=cortex-m4 -std=gnu11 -g3 -DDEBUG -DUSE_HAL_DRIVER -DSTM32F401xE -c -I../Core/Inc -I"C:/Users/hafna/Desktop/RTOS-workspace/RTOS1/Thirdparty/FreeRTOS/portable/GCC/ARM_CM4F" -I"C:/Users/hafna/Desktop/RTOS-workspace/RTOS1/Thirdparty/FreeRTOS/include" -I"C:/Users/hafna/Desktop/RTOS-workspace/RTOS1/Thirdparty/FreeRTOS" -I../Drivers/STM32F4xx_HAL_Driver/Inc -I../Drivers/STM32F4xx_HAL_Driver/Inc/Legacy -I../Drivers/CMSIS/Device/ST/STM32F4xx/Include -I../Drivers/CMSIS/Include -O0 -ffunction-sections -fdata-sections -Wall -fstack-usage -fcyclomatic-complexity -MMD -MP -MF"Drivers/STM32F4xx_HAL_Driver/Src/stm32f4xx_hal_flash.d" -MT"Drivers/STM32F4xx_HAL_Driver/Src/stm32f4xx_hal_flash.o" --specs=nano.specs -mfpu=fpv4-sp-d16 -mfloat-abi=hard -mthumb -o "Drivers/STM32F4xx_HAL_Driver/Src/stm32f4xx_hal_flash.o"
arm-none-eabi-gcc "../Drivers/STM32F4xx_HAL_Driver/Src/stm32f4xx_hal_flash_ex.c" -mcpu=cortex-m4 -std=gnu11 -g3 -DDEBUG -DUSE_HAL_DRIVER -DSTM32F401xE -c -I../Core/Inc -I"C:/Users/hafna/Desktop/RTOS-workspace/RTOS1/Thirdparty/FreeRTOS/portable/GCC/ARM_CM4F" -I"C:/Users/hafna/Desktop/RTOS-workspace/RTOS1/Thirdparty/FreeRTOS/include" -I"C:/Users/hafna/Desktop/RTOS-workspace/RTOS1/Thirdparty/FreeRTOS" -I../Drivers/STM32F4xx_HAL_Driver/Inc -I../Drivers/STM32F4xx_HAL_Driver/Inc/Legacy -I../Drivers/CMSIS/Device/ST/STM32F4xx/Include -I../Drivers/CMSIS/Include -O0 -ffunction-sections -fdata-sections -Wall -fstack-usage -fcyclomatic-complexity -MMD -MP -MF"Drivers/STM32F4xx_HAL_Driver/Src/stm32f4xx_hal_flash_ex.d" -MT"Drivers/STM32F4xx_HAL_Driver/Src/stm32f4xx_hal_flash_ex.o" --specs=nano.specs -mfpu=fpv4-sp-d16 -mfloat-abi=hard -mthumb -o "Drivers/STM32F4xx_HAL_Driver/Src/stm32f4xx_hal_flash_ex.o"
arm-none-eabi-gcc "../Drivers/STM32F4xx_HAL_Driver/Src/stm32f4xx_hal_flash_ramfunc.c" -mcpu=cortex-m4 -std=gnu11 -g3 -DDEBUG -DUSE_HAL_DRIVER -DSTM32F401xE -c -I../Core/Inc -I"C:/Users/hafna/Desktop/RTOS-workspace/RTOS1/Thirdparty/FreeRTOS/portable/GCC/ARM_CM4F" -I"C:/Users/hafna/Desktop/RTOS-workspace/RTOS1/Thirdparty/FreeRTOS/include" -I"C:/Users/hafna/Desktop/RTOS-workspace/RTOS1/Thirdparty/FreeRTOS" -I../Drivers/STM32F4xx_HAL_Driver/Inc -I../Drivers/STM32F4xx_HAL_Driver/Inc/Legacy -I../Drivers/CMSIS/Device/ST/STM32F4xx/Include -I../Drivers/CMSIS/Include -O0 -ffunction-sections -fdata-sections -Wall -fstack-usage -fcyclomatic-complexity -MMD -MP -MF"Drivers/STM32F4xx_HAL_Driver/Src/stm32f4xx_hal_flash_ramfunc.d" -MT"Drivers/STM32F4xx_HAL_Driver/Src/stm32f4xx_hal_flash_ramfunc.o" --specs=nano.specs -mfpu=fpv4-sp-d16 -mfloat-abi=hard -mthumb -o "Drivers/STM32F4xx_HAL_Driver/Src/stm32f4xx_hal_flash_ramfunc.o"
arm-none-eabi-gcc "../Drivers/STM32F4xx_HAL_Driver/Src/stm32f4xx_hal_gpio.c" -mcpu=cortex-m4 -std=gnu11 -g3 -DDEBUG -DUSE_HAL_DRIVER -DSTM32F401xE -c -I../Core/Inc -I"C:/Users/hafna/Desktop/RTOS-workspace/RTOS1/Thirdparty/FreeRTOS/portable/GCC/ARM_CM4F" -I"C:/Users/hafna/Desktop/RTOS-workspace/RTOS1/Thirdparty/FreeRTOS/include" -I"C:/Users/hafna/Desktop/RTOS-workspace/RTOS1/Thirdparty/FreeRTOS" -I../Drivers/STM32F4xx_HAL_Driver/Inc -I../Drivers/STM32F4xx_HAL_Driver/Inc/Legacy -I../Drivers/CMSIS/Device/ST/STM32F4xx/Include -I../Drivers/CMSIS/Include -O0 -ffunction-sections -fdata-sections -Wall -fstack-usage -fcyclomatic-complexity -MMD -MP -MF"Drivers/STM32F4xx_HAL_Driver/Src/stm32f4xx_hal_gpio.d" -MT"Drivers/STM32F4xx_HAL_Driver/Src/stm32f4xx_hal_gpio.o" --specs=nano.specs -mfpu=fpv4-sp-d16 -mfloat-abi=hard -mthumb -o "Drivers/STM32F4xx_HAL_Driver/Src/stm32f4xx_hal_gpio.o"
arm-none-eabi-gcc "../Drivers/STM32F4xx_HAL_Driver/Src/stm32f4xx_hal_pwr.c" -mcpu=cortex-m4 -std=gnu11 -g3 -DDEBUG -DUSE_HAL_DRIVER -DSTM32F401xE -c -I../Core/Inc -I"C:/Users/hafna/Desktop/RTOS-workspace/RTOS1/Thirdparty/FreeRTOS/portable/GCC/ARM_CM4F" -I"C:/Users/hafna/Desktop/RTOS-workspace/RTOS1/Thirdparty/FreeRTOS/include" -I"C:/Users/hafna/Desktop/RTOS-workspace/RTOS1/Thirdparty/FreeRTOS" -I../Drivers/STM32F4xx_HAL_Driver/Inc -I../Drivers/STM32F4xx_HAL_Driver/Inc/Legacy -I../Drivers/CMSIS/Device/ST/STM32F4xx/Include -I../Drivers/CMSIS/Include -O0 -ffunction-sections -fdata-sections -Wall -fstack-usage -fcyclomatic-complexity -MMD -MP -MF"Drivers/STM32F4xx_HAL_Driver/Src/stm32f4xx_hal_pwr.d" -MT"Drivers/STM32F4xx_HAL_Driver/Src/stm32f4xx_hal_pwr.o" --specs=nano.specs -mfpu=fpv4-sp-d16 -mfloat-abi=hard -mthumb -o "Drivers/STM32F4xx_HAL_Driver/Src/stm32f4xx_hal_pwr.o"
arm-none-eabi-gcc "../Drivers/STM32F4xx_HAL_Driver/Src/stm32f4xx_hal_pwr_ex.c" -mcpu=cortex-m4 -std=gnu11 -g3 -DDEBUG -DUSE_HAL_DRIVER -DSTM32F401xE -c -I../Core/Inc -I"C:/Users/hafna/Desktop/RTOS-workspace/RTOS1/Thirdparty/FreeRTOS/portable/GCC/ARM_CM4F" -I"C:/Users/hafna/Desktop/RTOS-workspace/RTOS1/Thirdparty/FreeRTOS/include" -I"C:/Users/hafna/Desktop/RTOS-workspace/RTOS1/Thirdparty/FreeRTOS" -I../Drivers/STM32F4xx_HAL_Driver/Inc -I../Drivers/STM32F4xx_HAL_Driver/Inc/Legacy -I../Drivers/CMSIS/Device/ST/STM32F4xx/Include -I../Drivers/CMSIS/Include -O0 -ffunction-sections -fdata-sections -Wall -fstack-usage -fcyclomatic-complexity -MMD -MP -MF"Drivers/STM32F4xx_HAL_Driver/Src/stm32f4xx_hal_pwr_ex.d" -MT"Drivers/STM32F4xx_HAL_Driver/Src/stm32f4xx_hal_pwr_ex.o" --specs=nano.specs -mfpu=fpv4-sp-d16 -mfloat-abi=hard -mthumb -o "Drivers/STM32F4xx_HAL_Driver/Src/stm32f4xx_hal_pwr_ex.o"
arm-none-eabi-gcc "../Drivers/STM32F4xx_HAL_Driver/Src/stm32f4xx_hal_rcc.c" -mcpu=cortex-m4 -std=gnu11 -g3 -DDEBUG -DUSE_HAL_DRIVER -DSTM32F401xE -c -I../Core/Inc -I"C:/Users/hafna/Desktop/RTOS-workspace/RTOS1/Thirdparty/FreeRTOS/portable/GCC/ARM_CM4F" -I"C:/Users/hafna/Desktop/RTOS-workspace/RTOS1/Thirdparty/FreeRTOS/include" -I"C:/Users/hafna/Desktop/RTOS-workspace/RTOS1/Thirdparty/FreeRTOS" -I../Drivers/STM32F4xx_HAL_Driver/Inc -I../Drivers/STM32F4xx_HAL_Driver/Inc/Legacy -I../Drivers/CMSIS/Device/ST/STM32F4xx/Include -I../Drivers/CMSIS/Include -O0 -ffunction-sections -fdata-sections -Wall -fstack-usage -fcyclomatic-complexity -MMD -MP -MF"Drivers/STM32F4xx_HAL_Driver/Src/stm32f4xx_hal_rcc.d" -MT"Drivers/STM32F4xx_HAL_Driver/Src/stm32f4xx_hal_rcc.o" --specs=nano.specs -mfpu=fpv4-sp-d16 -mfloat-abi=hard -mthumb -o "Drivers/STM32F4xx_HAL_Driver/Src/stm32f4xx_hal_rcc.o"
arm-none-eabi-gcc "../Drivers/STM32F4xx_HAL_Driver/Src/stm32f4xx_hal_rcc_ex.c" -mcpu=cortex-m4 -std=gnu11 -g3 -DDEBUG -DUSE_HAL_DRIVER -DSTM32F401xE -c -I../Core/Inc -I"C:/Users/hafna/Desktop/RTOS-workspace/RTOS1/Thirdparty/FreeRTOS/portable/GCC/ARM_CM4F" -I"C:/Users/hafna/Desktop/RTOS-workspace/RTOS1/Thirdparty/FreeRTOS/include" -I"C:/Users/hafna/Desktop/RTOS-workspace/RTOS1/Thirdparty/FreeRTOS" -I../Drivers/STM32F4xx_HAL_Driver/Inc -I../Drivers/STM32F4xx_HAL_Driver/Inc/Legacy -I../Drivers/CMSIS/Device/ST/STM32F4xx/Include -I../Drivers/CMSIS/Include -O0 -ffunction-sections -fdata-sections -Wall -fstack-usage -fcyclomatic-complexity -MMD -MP -MF"Drivers/STM32F4xx_HAL_Driver/Src/stm32f4xx_hal_rcc_ex.d" -MT"Drivers/STM32F4xx_HAL_Driver/Src/stm32f4xx_hal_rcc_ex.o" --specs=nano.specs -mfpu=fpv4-sp-d16 -mfloat-abi=hard -mthumb -o "Drivers/STM32F4xx_HAL_Driver/Src/stm32f4xx_hal_rcc_ex.o"
arm-none-eabi-gcc "../Drivers/STM32F4xx_HAL_Driver/Src/stm32f4xx_hal_tim.c" -mcpu=cortex-m4 -std=gnu11 -g3 -DDEBUG -DUSE_HAL_DRIVER -DSTM32F401xE -c -I../Core/Inc -I"C:/Users/hafna/Desktop/RTOS-workspace/RTOS1/Thirdparty/FreeRTOS/portable/GCC/ARM_CM4F" -I"C:/Users/hafna/Desktop/RTOS-workspace/RTOS1/Thirdparty/FreeRTOS/include" -I"C:/Users/hafna/Desktop/RTOS-workspace/RTOS1/Thirdparty/FreeRTOS" -I../Drivers/STM32F4xx_HAL_Driver/Inc -I../Drivers/STM32F4xx_HAL_Driver/Inc/Legacy -I../Drivers/CMSIS/Device/ST/STM32F4xx/Include -I../Drivers/CMSIS/Include -O0 -ffunction-sections -fdata-sections -Wall -fstack-usage -fcyclomatic-complexity -MMD -MP -MF"Drivers/STM32F4xx_HAL_Driver/Src/stm32f4xx_hal_tim.d" -MT"Drivers/STM32F4xx_HAL_Driver/Src/stm32f4xx_hal_tim.o" --specs=nano.specs -mfpu=fpv4-sp-d16 -mfloat-abi=hard -mthumb -o "Drivers/STM32F4xx_HAL_Driver/Src/stm32f4xx_hal_tim.o"
arm-none-eabi-gcc "../Drivers/STM32F4xx_HAL_Driver/Src/stm32f4xx_hal_tim_ex.c" -mcpu=cortex-m4 -std=gnu11 -g3 -DDEBUG -DUSE_HAL_DRIVER -DSTM32F401xE -c -I../Core/Inc -I"C:/Users/hafna/Desktop/RTOS-workspace/RTOS1/Thirdparty/FreeRTOS/portable/GCC/ARM_CM4F" -I"C:/Users/hafna/Desktop/RTOS-workspace/RTOS1/Thirdparty/FreeRTOS/include" -I"C:/Users/hafna/Desktop/RTOS-workspace/RTOS1/Thirdparty/FreeRTOS" -I../Drivers/STM32F4xx_HAL_Driver/Inc -I../Drivers/STM32F4xx_HAL_Driver/Inc/Legacy -I../Drivers/CMSIS/Device/ST/STM32F4xx/Include -I../Drivers/CMSIS/Include -O0 -ffunction-sections -fdata-sections -Wall -fstack-usage -fcyclomatic-complexity -MMD -MP -MF"Drivers/STM32F4xx_HAL_Driver/Src/stm32f4xx_hal_tim_ex.d" -MT"Drivers/STM32F4xx_HAL_Driver/Src/stm32f4xx_hal_tim_ex.o" --specs=nano.specs -mfpu=fpv4-sp-d16 -mfloat-abi=hard -mthumb -o "Drivers/STM32F4xx_HAL_Driver/Src/stm32f4xx_hal_tim_ex.o"
arm-none-eabi-gcc "../Drivers/STM32F4xx_HAL_Driver/Src/stm32f4xx_hal_uart.c" -mcpu=cortex-m4 -std=gnu11 -g3 -DDEBUG -DUSE_HAL_DRIVER -DSTM32F401xE -c -I../Core/Inc -I"C:/Users/hafna/Desktop/RTOS-workspace/RTOS1/Thirdparty/FreeRTOS/portable/GCC/ARM_CM4F" -I"C:/Users/hafna/Desktop/RTOS-workspace/RTOS1/Thirdparty/FreeRTOS/include" -I"C:/Users/hafna/Desktop/RTOS-workspace/RTOS1/Thirdparty/FreeRTOS" -I../Drivers/STM32F4xx_HAL_Driver/Inc -I../Drivers/STM32F4xx_HAL_Driver/Inc/Legacy -I../Drivers/CMSIS/Device/ST/STM32F4xx/Include -I../Drivers/CMSIS/Include -O0 -ffunction-sections -fdata-sections -Wall -fstack-usage -fcyclomatic-complexity -MMD -MP -MF"Drivers/STM32F4xx_HAL_Driver/Src/stm32f4xx_hal_uart.d" -MT"Drivers/STM32F4xx_HAL_Driver/Src/stm32f4xx_hal_uart.o" --specs=nano.specs -mfpu=fpv4-sp-d16 -mfloat-abi=hard -mthumb -o "Drivers/STM32F4xx_HAL_Driver/Src/stm32f4xx_hal_uart.o"
arm-none-eabi-gcc -mcpu=cortex-m4 -g3 -DDEBUG -c -x assembler-with-cpp -MMD -MP -MF"Core/Startup/startup_stm32f401retx.d" -MT"Core/Startup/startup_stm32f401retx.o" --specs=nano.specs -mfpu=fpv4-sp-d16 -mfloat-abi=hard -mthumb -o "Core/Startup/startup_stm32f401retx.o" "../Core/Startup/startup_stm32f401retx.s"
arm-none-eabi-gcc "../Core/Src/main.c" -mcpu=cortex-m4 -std=gnu11 -g3 -DDEBUG -DUSE_HAL_DRIVER -DSTM32F401xE -c -I../Core/Inc -I"C:/Users/hafna/Desktop/RTOS-workspace/RTOS1/Thirdparty/FreeRTOS/portable/GCC/ARM_CM4F" -I"C:/Users/hafna/Desktop/RTOS-workspace/RTOS1/Thirdparty/FreeRTOS/include" -I"C:/Users/hafna/Desktop/RTOS-workspace/RTOS1/Thirdparty/FreeRTOS" -I../Drivers/STM32F4xx_HAL_Driver/Inc -I../Drivers/STM32F4xx_HAL_Driver/Inc/Legacy -I../Drivers/CMSIS/Device/ST/STM32F4xx/Include -I../Drivers/CMSIS/Include -O0 -ffunction-sections -fdata-sections -Wall -fstack-usage -fcyclomatic-complexity -MMD -MP -MF"Core/Src/main.d" -MT"Core/Src/main.o" --specs=nano.specs -mfpu=fpv4-sp-d16 -mfloat-abi=hard -mthumb -o "Core/Src/main.o"
arm-none-eabi-gcc "../Core/Src/stm32f4xx_hal_msp.c" -mcpu=cortex-m4 -std=gnu11 -g3 -DDEBUG -DUSE_HAL_DRIVER -DSTM32F401xE -c -I../Core/Inc -I"C:/Users/hafna/Desktop/RTOS-workspace/RTOS1/Thirdparty/FreeRTOS/portable/GCC/ARM_CM4F" -I"C:/Users/hafna/Desktop/RTOS-workspace/RTOS1/Thirdparty/FreeRTOS/include" -I"C:/Users/hafna/Desktop/RTOS-workspace/RTOS1/Thirdparty/FreeRTOS" -I../Drivers/STM32F4xx_HAL_Driver/Inc -I../Drivers/STM32F4xx_HAL_Driver/Inc/Legacy -I../Drivers/CMSIS/Device/ST/STM32F4xx/Include -I../Drivers/CMSIS/Include -O0 -ffunction-sections -fdata-sections -Wall -fstack-usage -fcyclomatic-complexity -MMD -MP -MF"Core/Src/stm32f4xx_hal_msp.d" -MT"Core/Src/stm32f4xx_hal_msp.o" --specs=nano.specs -mfpu=fpv4-sp-d16 -mfloat-abi=hard -mthumb -o "Core/Src/stm32f4xx_hal_msp.o"
arm-none-eabi-gcc "../Core/Src/stm32f4xx_hal_timebase_tim.c" -mcpu=cortex-m4 -std=gnu11 -g3 -DDEBUG -DUSE_HAL_DRIVER -DSTM32F401xE -c -I../Core/Inc -I"C:/Users/hafna/Desktop/RTOS-workspace/RTOS1/Thirdparty/FreeRTOS/portable/GCC/ARM_CM4F" -I"C:/Users/hafna/Desktop/RTOS-workspace/RTOS1/Thirdparty/FreeRTOS/include" -I"C:/Users/hafna/Desktop/RTOS-workspace/RTOS1/Thirdparty/FreeRTOS" -I../Drivers/STM32F4xx_HAL_Driver/Inc -I../Drivers/STM32F4xx_HAL_Driver/Inc/Legacy -I../Drivers/CMSIS/Device/ST/STM32F4xx/Include -I../Drivers/CMSIS/Include -O0 -ffunction-sections -fdata-sections -Wall -fstack-usage -fcyclomatic-complexity -MMD -MP -MF"Core/Src/stm32f4xx_hal_timebase_tim.d" -MT"Core/Src/stm32f4xx_hal_timebase_tim.o" --specs=nano.specs -mfpu=fpv4-sp-d16 -mfloat-abi=hard -mthumb -o "Core/Src/stm32f4xx_hal_timebase_tim.o"
arm-none-eabi-gcc "../Core/Src/stm32f4xx_it.c" -mcpu=cortex-m4 -std=gnu11 -g3 -DDEBUG -DUSE_HAL_DRIVER -DSTM32F401xE -c -I../Core/Inc -I"C:/Users/hafna/Desktop/RTOS-workspace/RTOS1/Thirdparty/FreeRTOS/portable/GCC/ARM_CM4F" -I"C:/Users/hafna/Desktop/RTOS-workspace/RTOS1/Thirdparty/FreeRTOS/include" -I"C:/Users/hafna/Desktop/RTOS-workspace/RTOS1/Thirdparty/FreeRTOS" -I../Drivers/STM32F4xx_HAL_Driver/Inc -I../Drivers/STM32F4xx_HAL_Driver/Inc/Legacy -I../Drivers/CMSIS/Device/ST/STM32F4xx/Include -I../Drivers/CMSIS/Include -O0 -ffunction-sections -fdata-sections -Wall -fstack-usage -fcyclomatic-complexity -MMD -MP -MF"Core/Src/stm32f4xx_it.d" -MT"Core/Src/stm32f4xx_it.o" --specs=nano.specs -mfpu=fpv4-sp-d16 -mfloat-abi=hard -mthumb -o "Core/Src/stm32f4xx_it.o"
arm-none-eabi-gcc "../Core/Src/syscalls.c" -mcpu=cortex-m4 -std=gnu11 -g3 -DDEBUG -DUSE_HAL_DRIVER -DSTM32F401xE -c -I../Core/Inc -I"C:/Users/hafna/Desktop/RTOS-workspace/RTOS1/Thirdparty/FreeRTOS/portable/GCC/ARM_CM4F" -I"C:/Users/hafna/Desktop/RTOS-workspace/RTOS1/Thirdparty/FreeRTOS/include" -I"C:/Users/hafna/Desktop/RTOS-workspace/RTOS1/Thirdparty/FreeRTOS" -I../Drivers/STM32F4xx_HAL_Driver/Inc -I../Drivers/STM32F4xx_HAL_Driver/Inc/Legacy -I../Drivers/CMSIS/Device/ST/STM32F4xx/Include -I../Drivers/CMSIS/Include -O0 -ffunction-sections -fdata-sections -Wall -fstack-usage -fcyclomatic-complexity -MMD -MP -MF"Core/Src/syscalls.d" -MT"Core/Src/syscalls.o" --specs=nano.specs -mfpu=fpv4-sp-d16 -mfloat-abi=hard -mthumb -o "Core/Src/syscalls.o"
arm-none-eabi-gcc "../Core/Src/sysmem.c" -mcpu=cortex-m4 -std=gnu11 -g3 -DDEBUG -DUSE_HAL_DRIVER -DSTM32F401xE -c -I../Core/Inc -I"C:/Users/hafna/Desktop/RTOS-workspace/RTOS1/Thirdparty/FreeRTOS/portable/GCC/ARM_CM4F" -I"C:/Users/hafna/Desktop/RTOS-workspace/RTOS1/Thirdparty/FreeRTOS/include" -I"C:/Users/hafna/Desktop/RTOS-workspace/RTOS1/Thirdparty/FreeRTOS" -I../Drivers/STM32F4xx_HAL_Driver/Inc -I../Drivers/STM32F4xx_HAL_Driver/Inc/Legacy -I../Drivers/CMSIS/Device/ST/STM32F4xx/Include -I../Drivers/CMSIS/Include -O0 -ffunction-sections -fdata-sections -Wall -fstack-usage -fcyclomatic-complexity -MMD -MP -MF"Core/Src/sysmem.d" -MT"Core/Src/sysmem.o" --specs=nano.specs -mfpu=fpv4-sp-d16 -mfloat-abi=hard -mthumb -o "Core/Src/sysmem.o"
arm-none-eabi-gcc "../Core/Src/system_stm32f4xx.c" -mcpu=cortex-m4 -std=gnu11 -g3 -DDEBUG -DUSE_HAL_DRIVER -DSTM32F401xE -c -I../Core/Inc -I"C:/Users/hafna/Desktop/RTOS-workspace/RTOS1/Thirdparty/FreeRTOS/portable/GCC/ARM_CM4F" -I"C:/Users/hafna/Desktop/RTOS-workspace/RTOS1/Thirdparty/FreeRTOS/include" -I"C:/Users/hafna/Desktop/RTOS-workspace/RTOS1/Thirdparty/FreeRTOS" -I../Drivers/STM32F4xx_HAL_Driver/Inc -I../Drivers/STM32F4xx_HAL_Driver/Inc/Legacy -I../Drivers/CMSIS/Device/ST/STM32F4xx/Include -I../Drivers/CMSIS/Include -O0 -ffunction-sections -fdata-sections -Wall -fstack-usage -fcyclomatic-complexity -MMD -MP -MF"Core/Src/system_stm32f4xx.d" -MT"Core/Src/system_stm32f4xx.o" --specs=nano.specs -mfpu=fpv4-sp-d16 -mfloat-abi=hard -mthumb -o "Core/Src/system_stm32f4xx.o"
../Core/Src/main.c: In function 'SystemClock_Config':
../Core/Src/main.c:177:25: error: 'RCC_PLLInitTypeDef' has no member named 'PLLR'; did you mean 'PLLM'?
  177 |   RCC_OscInitStruct.PLL.PLLR = 2;
      |                         ^~~~
      |                         PLLM
../Core/Src/main.c: In function 'MX_GPIO_Init':
../Core/Src/main.c:217:28: error: 'Green_LED_Pin' undeclared (first use in this function); did you mean 'green_led_Pin'?
  217 |   HAL_GPIO_WritePin(GPIOA, Green_LED_Pin|Blue_LED_Pin|Red_LED_Pin, GPIO_PIN_RESET);
      |                            ^~~~~~~~~~~~~
      |                            green_led_Pin
../Core/Src/main.c:217:28: note: each undeclared identifier is reported only once for each function it appears in
../Core/Src/main.c:217:42: error: 'Blue_LED_Pin' undeclared (first use in this function); did you mean 'blue_led_Pin'?
  217 |   HAL_GPIO_WritePin(GPIOA, Green_LED_Pin|Blue_LED_Pin|Red_LED_Pin, GPIO_PIN_RESET);
      |                                          ^~~~~~~~~~~~
      |                                          blue_led_Pin
../Core/Src/main.c:217:55: error: 'Red_LED_Pin' undeclared (first use in this function); did you mean 'red_led_Pin'?
  217 |   HAL_GPIO_WritePin(GPIOA, Green_LED_Pin|Blue_LED_Pin|Red_LED_Pin, GPIO_PIN_RESET);
      |                                                       ^~~~~~~~~~~
      |                                                       red_led_Pin
../Core/Src/main.c: In function 'green_led_handler':
../Core/Src/main.c:251:36: error: 'Green_LED_GPIO_Port' undeclared (first use in this function); did you mean 'green_led_GPIO_Port'?
  251 |                 HAL_GPIO_TogglePin(Green_LED_GPIO_Port, Green_LED_Pin);
      |                                    ^~~~~~~~~~~~~~~~~~~
      |                                    green_led_GPIO_Port
../Core/Src/main.c:251:57: error: 'Green_LED_Pin' undeclared (first use in this function); did you mean 'green_led_Pin'?
  251 |                 HAL_GPIO_TogglePin(Green_LED_GPIO_Port, Green_LED_Pin);
      |                                                         ^~~~~~~~~~~~~
      |                                                         green_led_Pin
../Core/Src/main.c: In function 'blue_led_handler':
../Core/Src/main.c:265:36: error: 'Blue_LED_GPIO_Port' undeclared (first use in this function); did you mean 'blue_led_GPIO_Port'?
  265 |                 HAL_GPIO_TogglePin(Blue_LED_GPIO_Port, Blue_LED_Pin);
      |                                    ^~~~~~~~~~~~~~~~~~
      |                                    blue_led_GPIO_Port
../Core/Src/main.c:265:56: error: 'Blue_LED_Pin' undeclared (first use in this function); did you mean 'blue_led_Pin'?
  265 |                 HAL_GPIO_TogglePin(Blue_LED_GPIO_Port, Blue_LED_Pin);
      |                                                        ^~~~~~~~~~~~
      |                                                        blue_led_Pin
../Core/Src/main.c: In function 'red_led_handler':
../Core/Src/main.c:278:36: error: 'Red_LED_GPIO_Port' undeclared (first use in this function); did you mean 'red_led_GPIO_Port'?
  278 |                 HAL_GPIO_TogglePin(Red_LED_GPIO_Port, Red_LED_Pin);
      |                                    ^~~~~~~~~~~~~~~~~
      |                                    red_led_GPIO_Port
../Core/Src/main.c:278:55: error: 'Red_LED_Pin' undeclared (first use in this function); did you mean 'red_led_Pin'?
  278 |                 HAL_GPIO_TogglePin(Red_LED_GPIO_Port, Red_LED_Pin);
      |                                                       ^~~~~~~~~~~
      |                                                       red_led_Pin
../Core/Src/main.c: In function 'HAL_TIM_PeriodElapsedCallback':
../Core/Src/main.c:300:25: error: 'TIM6' undeclared (first use in this function); did you mean 'TIM1'?
  300 |   if (htim->Instance == TIM6)
      |                         ^~~~
      |                         TIM1
make: *** [Core/Src/subdir.mk:37: Core/Src/main.o] Error 1
make: *** Waiting for unfinished jobs....
"make -j8 all" terminated with exit code 2. Build might be incomplete.
13:41:24 **** Incremental Build of configuration Debug for project RTOS1 ****
make -j8 all 
arm-none-eabi-gcc "../Core/Src/main.c" -mcpu=cortex-m4 -std=gnu11 -g3 -DDEBUG -DUSE_HAL_DRIVER -DSTM32F401xE -c -I../Core/Inc -I"C:/Users/hafna/Desktop/RTOS-workspace/RTOS1/Thirdparty/FreeRTOS/portable/GCC/ARM_CM4F" -I"C:/Users/hafna/Desktop/RTOS-workspace/RTOS1/Thirdparty/FreeRTOS/include" -I"C:/Users/hafna/Desktop/RTOS-workspace/RTOS1/Thirdparty/FreeRTOS" -I../Drivers/STM32F4xx_HAL_Driver/Inc -I../Drivers/STM32F4xx_HAL_Driver/Inc/Legacy -I../Drivers/CMSIS/Device/ST/STM32F4xx/Include -I../Drivers/CMSIS/Include -O0 -ffunction-sections -fdata-sections -Wall -fstack-usage -fcyclomatic-complexity -MMD -MP -MF"Core/Src/main.d" -MT"Core/Src/main.o" --specs=nano.specs -mfpu=fpv4-sp-d16 -mfloat-abi=hard -mthumb -o "Core/Src/main.o"
../Core/Src/main.c: In function 'SystemClock_Config':
../Core/Src/main.c:177:25: error: 'RCC_PLLInitTypeDef' has no member named 'PLLR'; did you mean 'PLLM'?
  177 |   RCC_OscInitStruct.PLL.PLLR = 2;
      |                         ^~~~
      |                         PLLM
../Core/Src/main.c: In function 'MX_GPIO_Init':
../Core/Src/main.c:234:25: error: 'Green_LED_Pin' undeclared (first use in this function); did you mean 'green_led_Pin'?
  234 |   GPIO_InitStruct.Pin = Green_LED_Pin|Blue_LED_Pin|Red_LED_Pin;
      |                         ^~~~~~~~~~~~~
      |                         green_led_Pin
../Core/Src/main.c:234:25: note: each undeclared identifier is reported only once for each function it appears in
../Core/Src/main.c:234:39: error: 'Blue_LED_Pin' undeclared (first use in this function); did you mean 'blue_led_Pin'?
  234 |   GPIO_InitStruct.Pin = Green_LED_Pin|Blue_LED_Pin|Red_LED_Pin;
      |                                       ^~~~~~~~~~~~
      |                                       blue_led_Pin
../Core/Src/main.c:234:52: error: 'Red_LED_Pin' undeclared (first use in this function); did you mean 'red_led_Pin'?
  234 |   GPIO_InitStruct.Pin = Green_LED_Pin|Blue_LED_Pin|Red_LED_Pin;
      |                                                    ^~~~~~~~~~~
      |                                                    red_led_Pin
../Core/Src/main.c: In function 'HAL_TIM_PeriodElapsedCallback':
../Core/Src/main.c:300:25: error: 'TIM6' undeclared (first use in this function); did you mean 'TIM1'?
  300 |   if (htim->Instance == TIM6)
      |                         ^~~~
      |                         TIM1
make: *** [Core/Src/subdir.mk:37: Core/Src/main.o] Error 1
"make -j8 all" terminated with exit code 2. Build might be incomplete.
13:44:54 **** Incremental Build of configuration Debug for project RTOS1 ****
make -j8 all 
arm-none-eabi-gcc "../Core/Src/main.c" -mcpu=cortex-m4 -std=gnu11 -g3 -DDEBUG -DUSE_HAL_DRIVER -DSTM32F401xE -c -I../Core/Inc -I"C:/Users/hafna/Desktop/RTOS-workspace/RTOS1/Thirdparty/FreeRTOS/portable/GCC/ARM_CM4F" -I"C:/Users/hafna/Desktop/RTOS-workspace/RTOS1/Thirdparty/FreeRTOS/include" -I"C:/Users/hafna/Desktop/RTOS-workspace/RTOS1/Thirdparty/FreeRTOS" -I../Drivers/STM32F4xx_HAL_Driver/Inc -I../Drivers/STM32F4xx_HAL_Driver/Inc/Legacy -I../Drivers/CMSIS/Device/ST/STM32F4xx/Include -I../Drivers/CMSIS/Include -O0 -ffunction-sections -fdata-sections -Wall -fstack-usage -fcyclomatic-complexity -MMD -MP -MF"Core/Src/main.d" -MT"Core/Src/main.o" --specs=nano.specs -mfpu=fpv4-sp-d16 -mfloat-abi=hard -mthumb -o "Core/Src/main.o"
arm-none-eabi-gcc -o "RTOS1.elf" @"objects.list"   -mcpu=cortex-m4 -T"C:\Users\hafna\Desktop\RTOS-workspace\RTOS1\STM32F401RETX_FLASH.ld" --specs=nosys.specs -Wl,-Map="RTOS1.map" -Wl,--gc-sections -static --specs=nano.specs -mfpu=fpv4-sp-d16 -mfloat-abi=hard -mthumb -Wl,--start-group -lc -lm -Wl,--end-group
Finished building target: RTOS1.elf
 
arm-none-eabi-size  RTOS1.elf 
arm-none-eabi-objdump -h -S RTOS1.elf  > "RTOS1.list"
   text	   data	    bss	    dec	    hex	filename
  23804	    108	  79268	 103180	  1930c	RTOS1.elf
Finished building: default.size.stdout
 
Finished building: RTOS1.list
 
13:45:09 **** Incremental Build of configuration Debug for project RTOS1 ****
make -j8 all 
arm-none-eabi-size  RTOS1.elf 
   text	   data	    bss	    dec	    hex	filename
  23804	    108	  79268	 103180	  1930c	RTOS1.elf
Finished building: default.size.stdout
 
13:49:53 **** Incremental Build of configuration Debug for project RTOS1 ****
make -j8 all 
arm-none-eabi-size  RTOS1.elf 
   text	   data	    bss	    dec	    hex	filename
  23804	    108	  79268	 103180	  1930c	RTOS1.elf
Finished building: default.size.stdout
 
