../Core/Src/main.c:73:5:main	48	static,ignoring_inline_asm
../Core/Src/main.c:158:6:SystemClock_Config	88	static
../Core/Src/main.c:205:13:MX_USART2_UART_Init	8	static
../Core/Src/main.c:238:13:MX_GPIO_Init	48	static
../Core/Src/main.c:273:13:green_led_handler	16	static,ignoring_inline_asm
../Core/Src/main.c:287:13:blue_led_handler	16	static,ignoring_inline_asm
../Core/Src/main.c:300:13:red_led_handler	16	static,ignoring_inline_asm
../Core/Src/main.c:322:6:HAL_TIM_PeriodElapsedCallback	16	static
../Core/Src/main.c:340:6:Error_Handler	4	static,ignoring_inline_asm
